Archive member included to satisfy reference by file (symbol)

c:/st/stm32cubeide_1.2.0/stm32cubeide/plugins/com.st.stm32cube.ide.mcu.externaltools.gnu-tools-for-stm32.7-2018-q2-update.win32_1.4.0.202007081208/tools/bin/../lib/gcc/arm-none-eabi/7.3.1/../../../../arm-none-eabi/lib/thumb/v7e-m/fpv4-sp/hard\libc_nano.a(lib_a-errno.o)
                              Core/Src/syscalls.o (__errno)
c:/st/stm32cubeide_1.2.0/stm32cubeide/plugins/com.st.stm32cube.ide.mcu.externaltools.gnu-tools-for-stm32.7-2018-q2-update.win32_1.4.0.202007081208/tools/bin/../lib/gcc/arm-none-eabi/7.3.1/../../../../arm-none-eabi/lib/thumb/v7e-m/fpv4-sp/hard\libc_nano.a(lib_a-exit.o)
                              c:/st/stm32cubeide_1.2.0/stm32cubeide/plugins/com.st.stm32cube.ide.mcu.externaltools.gnu-tools-for-stm32.7-2018-q2-update.win32_1.4.0.202007081208/tools/bin/../lib/gcc/arm-none-eabi/7.3.1/../../../../arm-none-eabi/lib/thumb/v7e-m/fpv4-sp/hard/crt0.o (exit)
c:/st/stm32cubeide_1.2.0/stm32cubeide/plugins/com.st.stm32cube.ide.mcu.externaltools.gnu-tools-for-stm32.7-2018-q2-update.win32_1.4.0.202007081208/tools/bin/../lib/gcc/arm-none-eabi/7.3.1/../../../../arm-none-eabi/lib/thumb/v7e-m/fpv4-sp/hard\libc_nano.a(lib_a-impure.o)
                              c:/st/stm32cubeide_1.2.0/stm32cubeide/plugins/com.st.stm32cube.ide.mcu.externaltools.gnu-tools-for-stm32.7-2018-q2-update.win32_1.4.0.202007081208/tools/bin/../lib/gcc/arm-none-eabi/7.3.1/../../../../arm-none-eabi/lib/thumb/v7e-m/fpv4-sp/hard\libc_nano.a(lib_a-exit.o) (_global_impure_ptr)
c:/st/stm32cubeide_1.2.0/stm32cubeide/plugins/com.st.stm32cube.ide.mcu.externaltools.gnu-tools-for-stm32.7-2018-q2-update.win32_1.4.0.202007081208/tools/bin/../lib/gcc/arm-none-eabi/7.3.1/../../../../arm-none-eabi/lib/thumb/v7e-m/fpv4-sp/hard\libc_nano.a(lib_a-init.o)
                              c:/st/stm32cubeide_1.2.0/stm32cubeide/plugins/com.st.stm32cube.ide.mcu.externaltools.gnu-tools-for-stm32.7-2018-q2-update.win32_1.4.0.202007081208/tools/bin/../lib/gcc/arm-none-eabi/7.3.1/../../../../arm-none-eabi/lib/thumb/v7e-m/fpv4-sp/hard/crt0.o (__libc_init_array)
c:/st/stm32cubeide_1.2.0/stm32cubeide/plugins/com.st.stm32cube.ide.mcu.externaltools.gnu-tools-for-stm32.7-2018-q2-update.win32_1.4.0.202007081208/tools/bin/../lib/gcc/arm-none-eabi/7.3.1/../../../../arm-none-eabi/lib/thumb/v7e-m/fpv4-sp/hard\libc_nano.a(lib_a-malloc.o)
                              Middlewares/USB_Host_Library/usbh_cdc.o (malloc)
c:/st/stm32cubeide_1.2.0/stm32cubeide/plugins/com.st.stm32cube.ide.mcu.externaltools.gnu-tools-for-stm32.7-2018-q2-update.win32_1.4.0.202007081208/tools/bin/../lib/gcc/arm-none-eabi/7.3.1/../../../../arm-none-eabi/lib/thumb/v7e-m/fpv4-sp/hard\libc_nano.a(lib_a-memcpy-stub.o)
                              Core/Src/main.o (memcpy)
c:/st/stm32cubeide_1.2.0/stm32cubeide/plugins/com.st.stm32cube.ide.mcu.externaltools.gnu-tools-for-stm32.7-2018-q2-update.win32_1.4.0.202007081208/tools/bin/../lib/gcc/arm-none-eabi/7.3.1/../../../../arm-none-eabi/lib/thumb/v7e-m/fpv4-sp/hard\libc_nano.a(lib_a-memmove.o)
                              Core/ssd1306/ssd1306_tests.o (memmove)
c:/st/stm32cubeide_1.2.0/stm32cubeide/plugins/com.st.stm32cube.ide.mcu.externaltools.gnu-tools-for-stm32.7-2018-q2-update.win32_1.4.0.202007081208/tools/bin/../lib/gcc/arm-none-eabi/7.3.1/../../../../arm-none-eabi/lib/thumb/v7e-m/fpv4-sp/hard\libc_nano.a(lib_a-memset.o)
                              c:/st/stm32cubeide_1.2.0/stm32cubeide/plugins/com.st.stm32cube.ide.mcu.externaltools.gnu-tools-for-stm32.7-2018-q2-update.win32_1.4.0.202007081208/tools/bin/../lib/gcc/arm-none-eabi/7.3.1/../../../../arm-none-eabi/lib/thumb/v7e-m/fpv4-sp/hard/crt0.o (memset)
c:/st/stm32cubeide_1.2.0/stm32cubeide/plugins/com.st.stm32cube.ide.mcu.externaltools.gnu-tools-for-stm32.7-2018-q2-update.win32_1.4.0.202007081208/tools/bin/../lib/gcc/arm-none-eabi/7.3.1/../../../../arm-none-eabi/lib/thumb/v7e-m/fpv4-sp/hard\libc_nano.a(lib_a-nano-freer.o)
                              c:/st/stm32cubeide_1.2.0/stm32cubeide/plugins/com.st.stm32cube.ide.mcu.externaltools.gnu-tools-for-stm32.7-2018-q2-update.win32_1.4.0.202007081208/tools/bin/../lib/gcc/arm-none-eabi/7.3.1/../../../../arm-none-eabi/lib/thumb/v7e-m/fpv4-sp/hard\libc_nano.a(lib_a-malloc.o) (_free_r)
c:/st/stm32cubeide_1.2.0/stm32cubeide/plugins/com.st.stm32cube.ide.mcu.externaltools.gnu-tools-for-stm32.7-2018-q2-update.win32_1.4.0.202007081208/tools/bin/../lib/gcc/arm-none-eabi/7.3.1/../../../../arm-none-eabi/lib/thumb/v7e-m/fpv4-sp/hard\libc_nano.a(lib_a-nano-mallocr.o)
                              c:/st/stm32cubeide_1.2.0/stm32cubeide/plugins/com.st.stm32cube.ide.mcu.externaltools.gnu-tools-for-stm32.7-2018-q2-update.win32_1.4.0.202007081208/tools/bin/../lib/gcc/arm-none-eabi/7.3.1/../../../../arm-none-eabi/lib/thumb/v7e-m/fpv4-sp/hard\libc_nano.a(lib_a-malloc.o) (_malloc_r)
[...]
Memory Configuration

Name             Origin             Length             Attributes
CCMRAM           0x0000000010000000 0x0000000000010000 xrw
RAM              0x0000000020000000 0x0000000000020000 xrw
FLASH            0x0000000008000000 0x0000000000100000 xr
*default*        0x0000000000000000 0xffffffffffffffff

Linker script and memory map

LOAD c:/st/stm32cubeide_1.2.0/stm32cubeide/plugins/com.st.stm32cube.ide.mcu.externaltools.gnu-tools-for-stm32.7-2018-q2-update.win32_1.4.0.202007081208/tools/bin/../lib/gcc/arm-none-eabi/7.3.1/thumb/v7e-m/fpv4-sp/hard/crti.o
LOAD c:/st/stm32cubeide_1.2.0/stm32cubeide/plugins/com.st.stm32cube.ide.mcu.externaltools.gnu-tools-for-stm32.7-2018-q2-update.win32_1.4.0.202007081208/tools/bin/../lib/gcc/arm-none-eabi/7.3.1/thumb/v7e-m/fpv4-sp/hard/crtbegin.o
LOAD c:/st/stm32cubeide_1.2.0/stm32cubeide/plugins/com.st.stm32cube.ide.mcu.externaltools.gnu-tools-for-stm32.7-2018-q2-update.win32_1.4.0.202007081208/tools/bin/../lib/gcc/arm-none-eabi/7.3.1/../../../../arm-none-eabi/lib/thumb/v7e-m/fpv4-sp/hard/crt0.o
LOAD Core/Src/adc.o
LOAD Core/Src/font.o
LOAD Core/Src/freertos.o
LOAD Core/Src/gpio.o
LOAD Core/Src/i2c.o
LOAD Core/Src/i2s.o
LOAD Core/Src/main.o
LOAD Core/Src/my_graphic_lib.o
LOAD Core/Src/spi.o
LOAD Core/Src/stm32f4xx_hal_msp.o
LOAD Core/Src/stm32f4xx_hal_timebase_tim.o
LOAD Core/Src/stm32f4xx_it.o
LOAD Core/Src/syscalls.o
LOAD Core/Src/sysmem.o
LOAD Core/Src/system_stm32f4xx.o
LOAD Core/Src/tim.o
LOAD Core/Src/usart.o
LOAD Core/Startup/startup_stm32f407vgtx.o
LOAD Core/ssd1306/ssd1306.o
LOAD Core/ssd1306/ssd1306_fonts.o
LOAD Core/ssd1306/ssd1306_tests.o
LOAD Drivers/STM32F4xx_HAL_Driver/stm32f4xx_hal.o
LOAD Drivers/STM32F4xx_HAL_Driver/stm32f4xx_hal_adc.o
LOAD Drivers/STM32F4xx_HAL_Driver/stm32f4xx_hal_adc_ex.o
LOAD Drivers/STM32F4xx_HAL_Driver/stm32f4xx_hal_cortex.o
LOAD Drivers/STM32F4xx_HAL_Driver/stm32f4xx_hal_dma.o
LOAD Drivers/STM32F4xx_HAL_Driver/stm32f4xx_hal_dma_ex.o
LOAD Drivers/STM32F4xx_HAL_Driver/stm32f4xx_hal_exti.o
LOAD Drivers/STM32F4xx_HAL_Driver/stm32f4xx_hal_flash.o
LOAD Drivers/STM32F4xx_HAL_Driver/stm32f4xx_hal_flash_ex.o
LOAD Drivers/STM32F4xx_HAL_Driver/stm32f4xx_hal_flash_ramfunc.o
LOAD Drivers/STM32F4xx_HAL_Driver/stm32f4xx_hal_gpio.o
LOAD Drivers/STM32F4xx_HAL_Driver/stm32f4xx_hal_hcd.o
LOAD Drivers/STM32F4xx_HAL_Driver/stm32f4xx_hal_i2c.o
LOAD Drivers/STM32F4xx_HAL_Driver/stm32f4xx_hal_i2c_ex.o
LOAD Drivers/STM32F4xx_HAL_Driver/stm32f4xx_hal_i2s.o
LOAD Drivers/STM32F4xx_HAL_Driver/stm32f4xx_hal_i2s_ex.o
LOAD Drivers/STM32F4xx_HAL_Driver/stm32f4xx_hal_pwr.o
LOAD Drivers/STM32F4xx_HAL_Driver/stm32f4xx_hal_pwr_ex.o
LOAD Drivers/STM32F4xx_HAL_Driver/stm32f4xx_hal_rcc.o
LOAD Drivers/STM32F4xx_HAL_Driver/stm32f4xx_hal_rcc_ex.o
LOAD Drivers/STM32F4xx_HAL_Driver/stm32f4xx_hal_spi.o
LOAD Drivers/STM32F4xx_HAL_Driver/stm32f4xx_hal_tim.o
LOAD Drivers/STM32F4xx_HAL_Driver/stm32f4xx_hal_tim_ex.o
LOAD Drivers/STM32F4xx_HAL_Driver/stm32f4xx_hal_uart.o
LOAD Drivers/STM32F4xx_HAL_Driver/stm32f4xx_ll_usb.o
LOAD Middlewares/FreeRTOS/cmsis_os2.o
LOAD Middlewares/FreeRTOS/croutine.o
LOAD Middlewares/FreeRTOS/event_groups.o
LOAD Middlewares/FreeRTOS/heap_4.o
LOAD Middlewares/FreeRTOS/list.o
LOAD Middlewares/FreeRTOS/port.o
LOAD Middlewares/FreeRTOS/queue.o
LOAD Middlewares/FreeRTOS/stream_buffer.o
LOAD Middlewares/FreeRTOS/tasks.o
LOAD Middlewares/FreeRTOS/timers.o
LOAD Middlewares/USB_Host_Library/usbh_cdc.o
LOAD Middlewares/USB_Host_Library/usbh_core.o
LOAD Middlewares/USB_Host_Library/usbh_ctlreq.o
LOAD Middlewares/USB_Host_Library/usbh_ioreq.o
LOAD Middlewares/USB_Host_Library/usbh_pipes.o
LOAD USB_HOST/App/usb_host.o
LOAD USB_HOST/Target/usbh_conf.o
LOAD USB_HOST/Target/usbh_platform.o
START GROUP
LOAD c:/st/stm32cubeide_1.2.0/stm32cubeide/plugins/com.st.stm32cube.ide.mcu.externaltools.gnu-tools-for-stm32.7-2018-q2-update.win32_1.4.0.202007081208/tools/bin/../lib/gcc/arm-none-eabi/7.3.1/../../../../arm-none-eabi/lib/thumb/v7e-m/fpv4-sp/hard\libc_nano.a
LOAD c:/st/stm32cubeide_1.2.0/stm32cubeide/plugins/com.st.stm32cube.ide.mcu.externaltools.gnu-tools-for-stm32.7-2018-q2-update.win32_1.4.0.202007081208/tools/bin/../lib/gcc/arm-none-eabi/7.3.1/../../../../arm-none-eabi/lib/thumb/v7e-m/fpv4-sp/hard\libm.a
END GROUP
START GROUP
LOAD c:/st/stm32cubeide_1.2.0/stm32cubeide/plugins/com.st.stm32cube.ide.mcu.externaltools.gnu-tools-for-stm32.7-2018-q2-update.win32_1.4.0.202007081208/tools/bin/../lib/gcc/arm-none-eabi/7.3.1/thumb/v7e-m/fpv4-sp/hard\libgcc.a
LOAD c:/st/stm32cubeide_1.2.0/stm32cubeide/plugins/com.st.stm32cube.ide.mcu.externaltools.gnu-tools-for-stm32.7-2018-q2-update.win32_1.4.0.202007081208/tools/bin/../lib/gcc/arm-none-eabi/7.3.1/../../../../arm-none-eabi/lib/thumb/v7e-m/fpv4-sp/hard\libc_nano.a
END GROUP
START GROUP
LOAD c:/st/stm32cubeide_1.2.0/stm32cubeide/plugins/com.st.stm32cube.ide.mcu.externaltools.gnu-tools-for-stm32.7-2018-q2-update.win32_1.4.0.202007081208/tools/bin/../lib/gcc/arm-none-eabi/7.3.1/thumb/v7e-m/fpv4-sp/hard\libgcc.a
LOAD c:/st/stm32cubeide_1.2.0/stm32cubeide/plugins/com.st.stm32cube.ide.mcu.externaltools.gnu-tools-for-stm32.7-2018-q2-update.win32_1.4.0.202007081208/tools/bin/../lib/gcc/arm-none-eabi/7.3.1/../../../../arm-none-eabi/lib/thumb/v7e-m/fpv4-sp/hard\libc_nano.a
LOAD c:/st/stm32cubeide_1.2.0/stm32cubeide/plugins/com.st.stm32cube.ide.mcu.externaltools.gnu-tools-for-stm32.7-2018-q2-update.win32_1.4.0.202007081208/tools/bin/../lib/gcc/arm-none-eabi/7.3.1/../../../../arm-none-eabi/lib/thumb/v7e-m/fpv4-sp/hard\libnosys.a
END GROUP
START GROUP
LOAD c:/st/stm32cubeide_1.2.0/stm32cubeide/plugins/com.st.stm32cube.ide.mcu.externaltools.gnu-tools-for-stm32.7-2018-q2-update.win32_1.4.0.202007081208/tools/bin/../lib/gcc/arm-none-eabi/7.3.1/thumb/v7e-m/fpv4-sp/hard\libgcc.a
LOAD c:/st/stm32cubeide_1.2.0/stm32cubeide/plugins/com.st.stm32cube.ide.mcu.externaltools.gnu-tools-for-stm32.7-2018-q2-update.win32_1.4.0.202007081208/tools/bin/../lib/gcc/arm-none-eabi/7.3.1/../../../../arm-none-eabi/lib/thumb/v7e-m/fpv4-sp/hard\libc_nano.a
LOAD c:/st/stm32cubeide_1.2.0/stm32cubeide/plugins/com.st.stm32cube.ide.mcu.externaltools.gnu-tools-for-stm32.7-2018-q2-update.win32_1.4.0.202007081208/tools/bin/../lib/gcc/arm-none-eabi/7.3.1/../../../../arm-none-eabi/lib/thumb/v7e-m/fpv4-sp/hard\libnosys.a
END GROUP
LOAD c:/st/stm32cubeide_1.2.0/stm32cubeide/plugins/com.st.stm32cube.ide.mcu.externaltools.gnu-tools-for-stm32.7-2018-q2-update.win32_1.4.0.202007081208/tools/bin/../lib/gcc/arm-none-eabi/7.3.1/thumb/v7e-m/fpv4-sp/hard/crtend.o
LOAD c:/st/stm32cubeide_1.2.0/stm32cubeide/plugins/com.st.stm32cube.ide.mcu.externaltools.gnu-tools-for-stm32.7-2018-q2-update.win32_1.4.0.202007081208/tools/bin/../lib/gcc/arm-none-eabi/7.3.1/thumb/v7e-m/fpv4-sp/hard/crtn.o
                0x0000000020020000                _estack = (ORIGIN (RAM) + LENGTH (RAM))
                0x0000000000000200                _Min_Heap_Size = 0x200
                0x0000000000000400                _Min_Stack_Size = 0x400

.isr_vector     0x0000000008000000      0x188
                0x0000000008000000                . = ALIGN (0x4)
 *(.isr_vector)
 .isr_vector    0x0000000008000000      0x188 Core/Startup/startup_stm32f407vgtx.o
                0x0000000008000000                g_pfnVectors
                0x0000000008000188                . = ALIGN (0x4)

.text           0x0000000008000190     0xb0dc
                0x0000000008000190                . = ALIGN (0x4)
 *(.text)
 .text          0x0000000008000190       0x40 c:/st/stm32cubeide_1.2.0/stm32cubeide/plugins/com.st.stm32cube.ide.mcu.externaltools.gnu-tools-for-stm32.7-2018-q2-update.win32_1.4.0.202007081208/tools/bin/../lib/gcc/arm-none-eabi/7.3.1/thumb/v7e-m/fpv4-sp/hard/crtbegin.o
 .text          0x00000000080001d0       0xa0 c:/st/stm32cubeide_1.2.0/stm32cubeide/plugins/com.st.stm32cube.ide.mcu.externaltools.gnu-tools-for-stm32.7-2018-q2-update.win32_1.4.0.202007081208/tools/bin/../lib/gcc/arm-none-eabi/7.3.1/../../../../arm-none-eabi/lib/thumb/v7e-m/fpv4-sp/hard\libc_nano.a(lib_a-memchr.o)
                0x00000000080001d0                memchr
 .text          0x0000000008000270       0x30 c:/st/stm32cubeide_1.2.0/stm32cubeide/plugins/com.st.stm32cube.ide.mcu.externaltools.gnu-tools-for-stm32.7-2018-q2-update.win32_1.4.0.202007081208/tools/bin/../lib/gcc/arm-none-eabi/7.3.1/thumb/v7e-m/fpv4-sp/hard\libgcc.a(_aeabi_uldivmod.o)
                0x0000000008000270                __aeabi_uldivmod
 .text          0x00000000080002a0      0x2cc c:/st/stm32cubeide_1.2.0/stm32cubeide/plugins/com.st.stm32cube.ide.mcu.externaltools.gnu-tools-for-stm32.7-2018-q2-update.win32_1.4.0.202007081208/tools/bin/../lib/gcc/arm-none-eabi/7.3.1/thumb/v7e-m/fpv4-sp/hard\libgcc.a(_udivmoddi4.o)
                0x00000000080002a0                __udivmoddi4
 .text          0x000000000800056c        0x4 c:/st/stm32cubeide_1.2.0/stm32cubeide/plugins/com.st.stm32cube.ide.mcu.externaltools.gnu-tools-for-stm32.7-2018-q2-update.win32_1.4.0.202007081208/tools/bin/../lib/gcc/arm-none-eabi/7.3.1/thumb/v7e-m/fpv4-sp/hard\libgcc.a(_dvmd_tls.o)
                0x000000000800056c                __aeabi_idiv0
                0x000000000800056c                __aeabi_ldiv0
 *(.text*)
 .text.MX_ADC1_Init
                0x0000000008000570       0xa4 Core/Src/adc.o
                0x0000000008000570                MX_ADC1_Init
 .text.HAL_ADC_MspInit
                0x0000000008000614       0x98 Core/Src/adc.o
                0x0000000008000614                HAL_ADC_MspInit
 .text.MX_GPIO_Init
                0x00000000080006ac      0x214 Core/Src/gpio.o
                0x00000000080006ac                MX_GPIO_Init
 .text.MX_I2C1_Init
                0x00000000080008c0       0x5c Core/Src/i2c.o
                0x00000000080008c0                MX_I2C1_Init
 .text.HAL_I2C_MspInit
                0x000000000800091c       0x90 Core/Src/i2c.o
                0x000000000800091c                HAL_I2C_MspInit
 .text.MX_I2S3_Init
                0x00000000080009ac       0x60 Core/Src/i2s.o
                0x00000000080009ac                MX_I2S3_Init
 .text.HAL_I2S_MspInit
                0x0000000008000a0c       0xd0 Core/Src/i2s.o
                0x0000000008000a0c                HAL_I2S_MspInit
 .text.HAL_GPIO_EXTI_Callback
                0x0000000008000adc       0x40 Core/Src/main.o
                0x0000000008000adc                HAL_GPIO_EXTI_Callback
 .text.HAL_ADC_ConvCpltCallback
                0x0000000008000b1c       0x38 Core/Src/main.o
                0x0000000008000b1c                HAL_ADC_ConvCpltCallback
 .text.debounce_timer_Callback
                0x0000000008000b54       0x70 Core/Src/main.o
 .text.StartOledTask
                0x0000000008000bc4      0x340 Core/Src/main.o
                0x0000000008000bc4                StartOledTask
 .text.StartUartTask
                0x0000000008000f04       0x1e Core/Src/main.o
                0x0000000008000f04                StartUartTask
 *fill*         0x0000000008000f22        0x2 
 .text.main     0x0000000008000f24       0xb0 Core/Src/main.o
                0x0000000008000f24                main
 .text.SystemClock_Config
                0x0000000008000fd4      0x104 Core/Src/main.o
                0x0000000008000fd4                SystemClock_Config
 .text.HAL_TIM_PeriodElapsedCallback
                0x00000000080010d8       0x24 Core/Src/main.o
                0x00000000080010d8                HAL_TIM_PeriodElapsedCallback
 .text.Error_Handler
                0x00000000080010fc        0xe Core/Src/main.o
                0x00000000080010fc                Error_Handler
 *fill*         0x000000000800110a        0x2 
 .text.set_pixel
                0x000000000800110c       0xb8 Core/Src/my_graphic_lib.o
                0x000000000800110c                set_pixel
 .text.drawline
                0x00000000080011c4      0x154 Core/Src/my_graphic_lib.o
                0x00000000080011c4                drawline
 .text.print_string
                0x0000000008001318       0xc4 Core/Src/my_graphic_lib.o
                0x0000000008001318                print_string
 .text.MX_SPI1_Init
                0x00000000080013dc       0x6c Core/Src/spi.o
                0x00000000080013dc                MX_SPI1_Init
 .text.MX_SPI2_Init
                0x0000000008001448       0x6c Core/Src/spi.o
                0x0000000008001448                MX_SPI2_Init
 .text.HAL_SPI_MspInit
                0x00000000080014b4       0xfc Core/Src/spi.o
                0x00000000080014b4                HAL_SPI_MspInit
 .text.HAL_MspInit
                0x00000000080015b0       0x50 Core/Src/stm32f4xx_hal_msp.o
                0x00000000080015b0                HAL_MspInit
 .text.HAL_InitTick
                0x0000000008001600       0xb4 Core/Src/stm32f4xx_hal_timebase_tim.o
                0x0000000008001600                HAL_InitTick
 .text.NMI_Handler
                0x00000000080016b4        0xe Core/Src/stm32f4xx_it.o
                0x00000000080016b4                NMI_Handler
 .text.HardFault_Handler
                0x00000000080016c2        0x6 Core/Src/stm32f4xx_it.o
                0x00000000080016c2                HardFault_Handler
 .text.MemManage_Handler
                0x00000000080016c8        0x6 Core/Src/stm32f4xx_it.o
                0x00000000080016c8                MemManage_Handler
 .text.BusFault_Handler
                0x00000000080016ce        0x6 Core/Src/stm32f4xx_it.o
                0x00000000080016ce                BusFault_Handler
 .text.UsageFault_Handler
                0x00000000080016d4        0x6 Core/Src/stm32f4xx_it.o
                0x00000000080016d4                UsageFault_Handler
 .text.DebugMon_Handler
                0x00000000080016da        0xe Core/Src/stm32f4xx_it.o
                0x00000000080016da                DebugMon_Handler
 .text.EXTI0_IRQHandler
                0x00000000080016e8        0xe Core/Src/stm32f4xx_it.o
                0x00000000080016e8                EXTI0_IRQHandler
 *fill*         0x00000000080016f6        0x2 
 .text.ADC_IRQHandler
                0x00000000080016f8       0x14 Core/Src/stm32f4xx_it.o
                0x00000000080016f8                ADC_IRQHandler
 .text.USART2_IRQHandler
                0x000000000800170c       0x14 Core/Src/stm32f4xx_it.o
                0x000000000800170c                USART2_IRQHandler
 .text.TIM8_TRG_COM_TIM14_IRQHandler
                0x0000000008001720       0x1c Core/Src/stm32f4xx_it.o
                0x0000000008001720                TIM8_TRG_COM_TIM14_IRQHandler
 .text.OTG_FS_IRQHandler
                0x000000000800173c       0x14 Core/Src/stm32f4xx_it.o
                0x000000000800173c                OTG_FS_IRQHandler
 .text._sbrk    0x0000000008001750       0x6c Core/Src/sysmem.o
                0x0000000008001750                _sbrk
 .text.SystemInit
                0x00000000080017bc       0x2c Core/Src/system_stm32f4xx.o
                0x00000000080017bc                SystemInit
 .text.MX_TIM8_Init
                0x00000000080017e8       0xa0 Core/Src/tim.o
                0x00000000080017e8                MX_TIM8_Init
 .text.HAL_TIM_Base_MspInit
                0x0000000008001888       0x50 Core/Src/tim.o
                0x0000000008001888                HAL_TIM_Base_MspInit
 .text.MX_USART2_UART_Init
                0x00000000080018d8       0x54 Core/Src/usart.o
                0x00000000080018d8                MX_USART2_UART_Init
 .text.HAL_UART_MspInit
                0x000000000800192c       0xa0 Core/Src/usart.o
                0x000000000800192c                HAL_UART_MspInit
 .text.Reset_Handler
                0x00000000080019cc       0x50 Core/Startup/startup_stm32f407vgtx.o
                0x00000000080019cc                Reset_Handler
 .text.Default_Handler
                0x0000000008001a1c        0x2 Core/Startup/startup_stm32f407vgtx.o
                0x0000000008001a1c                RTC_Alarm_IRQHandler
                0x0000000008001a1c                HASH_RNG_IRQHandler
                0x0000000008001a1c                EXTI2_IRQHandler
                0x0000000008001a1c                TIM8_CC_IRQHandler
                0x0000000008001a1c                TIM1_CC_IRQHandler
                0x0000000008001a1c                DMA2_Stream5_IRQHandler
                0x0000000008001a1c                DMA1_Stream5_IRQHandler
                0x0000000008001a1c                PVD_IRQHandler
                0x0000000008001a1c                SDIO_IRQHandler
                0x0000000008001a1c                TAMP_STAMP_IRQHandler
                0x0000000008001a1c                CAN2_RX1_IRQHandler
                0x0000000008001a1c                EXTI3_IRQHandler
                0x0000000008001a1c                TIM1_UP_TIM10_IRQHandler
                0x0000000008001a1c                TIM8_UP_TIM13_IRQHandler
                0x0000000008001a1c                I2C3_ER_IRQHandler
                0x0000000008001a1c                I2C2_EV_IRQHandler
                0x0000000008001a1c                DMA1_Stream2_IRQHandler
                0x0000000008001a1c                CAN1_RX0_IRQHandler
                0x0000000008001a1c                FPU_IRQHandler
                0x0000000008001a1c                OTG_HS_WKUP_IRQHandler
                0x0000000008001a1c                CAN2_SCE_IRQHandler
                0x0000000008001a1c                DMA2_Stream2_IRQHandler
                0x0000000008001a1c                SPI1_IRQHandler
                0x0000000008001a1c                TIM6_DAC_IRQHandler
                0x0000000008001a1c                TIM1_BRK_TIM9_IRQHandler
                0x0000000008001a1c                DCMI_IRQHandler
                0x0000000008001a1c                CAN2_RX0_IRQHandler
                0x0000000008001a1c                DMA2_Stream3_IRQHandler
                0x0000000008001a1c                USART6_IRQHandler
                0x0000000008001a1c                USART3_IRQHandler
                0x0000000008001a1c                CAN1_RX1_IRQHandler
                0x0000000008001a1c                UART5_IRQHandler
                0x0000000008001a1c                DMA2_Stream0_IRQHandler
                0x0000000008001a1c                TIM4_IRQHandler
                0x0000000008001a1c                I2C1_EV_IRQHandler
                0x0000000008001a1c                DMA1_Stream6_IRQHandler
                0x0000000008001a1c                DMA1_Stream1_IRQHandler
                0x0000000008001a1c                UART4_IRQHandler
                0x0000000008001a1c                TIM3_IRQHandler
                0x0000000008001a1c                RCC_IRQHandler
                0x0000000008001a1c                TIM8_BRK_TIM12_IRQHandler
                0x0000000008001a1c                Default_Handler
                0x0000000008001a1c                EXTI15_10_IRQHandler
                0x0000000008001a1c                DMA1_Stream7_IRQHandler
                0x0000000008001a1c                TIM7_IRQHandler
                0x0000000008001a1c                CAN2_TX_IRQHandler
                0x0000000008001a1c                TIM5_IRQHandler
                0x0000000008001a1c                DMA2_Stream7_IRQHandler
                0x0000000008001a1c                I2C3_EV_IRQHandler
                0x0000000008001a1c                EXTI9_5_IRQHandler
                0x0000000008001a1c                RTC_WKUP_IRQHandler
                0x0000000008001a1c                ETH_WKUP_IRQHandler
                0x0000000008001a1c                SPI2_IRQHandler
                0x0000000008001a1c                OTG_HS_EP1_IN_IRQHandler
                0x0000000008001a1c                DMA1_Stream0_IRQHandler
                0x0000000008001a1c                CAN1_TX_IRQHandler
                0x0000000008001a1c                EXTI4_IRQHandler
                0x0000000008001a1c                FSMC_IRQHandler
                0x0000000008001a1c                ETH_IRQHandler
                0x0000000008001a1c                OTG_HS_EP1_OUT_IRQHandler
                0x0000000008001a1c                WWDG_IRQHandler
                0x0000000008001a1c                TIM2_IRQHandler
                0x0000000008001a1c                OTG_FS_WKUP_IRQHandler
                0x0000000008001a1c                TIM1_TRG_COM_TIM11_IRQHandler
                0x0000000008001a1c                OTG_HS_IRQHandler
                0x0000000008001a1c                EXTI1_IRQHandler
                0x0000000008001a1c                I2C2_ER_IRQHandler
                0x0000000008001a1c                DMA2_Stream1_IRQHandler
                0x0000000008001a1c                CAN1_SCE_IRQHandler
                0x0000000008001a1c                FLASH_IRQHandler
                0x0000000008001a1c                DMA2_Stream4_IRQHandler
                0x0000000008001a1c                USART1_IRQHandler
                0x0000000008001a1c                SPI3_IRQHandler
                0x0000000008001a1c                DMA1_Stream4_IRQHandler
                0x0000000008001a1c                I2C1_ER_IRQHandler
                0x0000000008001a1c                DMA2_Stream6_IRQHandler
                0x0000000008001a1c                DMA1_Stream3_IRQHandler
 *fill*         0x0000000008001a1e        0x2 
 .text.ssd1306_Reset
                0x0000000008001a20       0x38 Core/ssd1306/ssd1306.o
                0x0000000008001a20                ssd1306_Reset
 .text.ssd1306_WriteCommand
                0x0000000008001a58       0x4c Core/ssd1306/ssd1306.o
                0x0000000008001a58                ssd1306_WriteCommand
 .text.ssd1306_WriteData
                0x0000000008001aa4       0x4c Core/ssd1306/ssd1306.o
                0x0000000008001aa4                ssd1306_WriteData
 .text.ssd1306_Init
                0x0000000008001af0       0xd4 Core/ssd1306/ssd1306.o
                0x0000000008001af0                ssd1306_Init
 .text.ssd1306_Fill
                0x0000000008001bc4       0x44 Core/ssd1306/ssd1306.o
                0x0000000008001bc4                ssd1306_Fill
 .text.ssd1306_UpdateScreen
                0x0000000008001c08       0x4c Core/ssd1306/ssd1306.o
                0x0000000008001c08                ssd1306_UpdateScreen
 .text.ssd1306_SetContrast
                0x0000000008001c54       0x26 Core/ssd1306/ssd1306.o
                0x0000000008001c54                ssd1306_SetContrast
 *fill*         0x0000000008001c7a        0x2 
 .text.ssd1306_SetDisplayOn
                0x0000000008001c7c       0x3c Core/ssd1306/ssd1306.o
                0x0000000008001c7c                ssd1306_SetDisplayOn
 .text.HAL_Init
                0x0000000008001cb8       0x44 Drivers/STM32F4xx_HAL_Driver/stm32f4xx_hal.o
                0x0000000008001cb8                HAL_Init
 .text.HAL_IncTick
                0x0000000008001cfc       0x28 Drivers/STM32F4xx_HAL_Driver/stm32f4xx_hal.o
                0x0000000008001cfc                HAL_IncTick
 .text.HAL_GetTick
                0x0000000008001d24       0x18 Drivers/STM32F4xx_HAL_Driver/stm32f4xx_hal.o
                0x0000000008001d24                HAL_GetTick
 .text.HAL_Delay
                0x0000000008001d3c       0x44 Drivers/STM32F4xx_HAL_Driver/stm32f4xx_hal.o
                0x0000000008001d3c                HAL_Delay
 .text.HAL_ADC_Init
                0x0000000008001d80       0x86 Drivers/STM32F4xx_HAL_Driver/stm32f4xx_hal_adc.o
                0x0000000008001d80                HAL_ADC_Init
 *fill*         0x0000000008001e06        0x2 
 .text.HAL_ADC_Start_IT
                0x0000000008001e08      0x1a0 Drivers/STM32F4xx_HAL_Driver/stm32f4xx_hal_adc.o
                0x0000000008001e08                HAL_ADC_Start_IT
 .text.HAL_ADC_IRQHandler
                0x0000000008001fa8      0x282 Drivers/STM32F4xx_HAL_Driver/stm32f4xx_hal_adc.o
                0x0000000008001fa8                HAL_ADC_IRQHandler
 .text.HAL_ADC_LevelOutOfWindowCallback
                0x000000000800222a       0x14 Drivers/STM32F4xx_HAL_Driver/stm32f4xx_hal_adc.o
                0x000000000800222a                HAL_ADC_LevelOutOfWindowCallback
 .text.HAL_ADC_ErrorCallback
                0x000000000800223e       0x14 Drivers/STM32F4xx_HAL_Driver/stm32f4xx_hal_adc.o
                0x000000000800223e                HAL_ADC_ErrorCallback
 *fill*         0x0000000008002252        0x2 
 .text.HAL_ADC_ConfigChannel
                0x0000000008002254      0x244 Drivers/STM32F4xx_HAL_Driver/stm32f4xx_hal_adc.o
                0x0000000008002254                HAL_ADC_ConfigChannel
 .text.ADC_Init
                0x0000000008002498      0x1f8 Drivers/STM32F4xx_HAL_Driver/stm32f4xx_hal_adc.o
 .text.HAL_ADCEx_InjectedConvCpltCallback
                0x0000000008002690       0x14 Drivers/STM32F4xx_HAL_Driver/stm32f4xx_hal_adc_ex.o
                0x0000000008002690                HAL_ADCEx_InjectedConvCpltCallback
 .text.__NVIC_SetPriorityGrouping
                0x00000000080026a4       0x48 Drivers/STM32F4xx_HAL_Driver/stm32f4xx_hal_cortex.o
 .text.__NVIC_GetPriorityGrouping
                0x00000000080026ec       0x1c Drivers/STM32F4xx_HAL_Driver/stm32f4xx_hal_cortex.o
 .text.__NVIC_EnableIRQ
                0x0000000008002708       0x3c Drivers/STM32F4xx_HAL_Driver/stm32f4xx_hal_cortex.o
 .text.__NVIC_SetPriority
                0x0000000008002744       0x54 Drivers/STM32F4xx_HAL_Driver/stm32f4xx_hal_cortex.o
 .text.NVIC_EncodePriority
                0x0000000008002798       0x66 Drivers/STM32F4xx_HAL_Driver/stm32f4xx_hal_cortex.o
 .text.HAL_NVIC_SetPriorityGrouping
                0x00000000080027fe       0x16 Drivers/STM32F4xx_HAL_Driver/stm32f4xx_hal_cortex.o
                0x00000000080027fe                HAL_NVIC_SetPriorityGrouping
 .text.HAL_NVIC_SetPriority
                0x0000000008002814       0x38 Drivers/STM32F4xx_HAL_Driver/stm32f4xx_hal_cortex.o
                0x0000000008002814                HAL_NVIC_SetPriority
 .text.HAL_NVIC_EnableIRQ
                0x000000000800284c       0x1c Drivers/STM32F4xx_HAL_Driver/stm32f4xx_hal_cortex.o
                0x000000000800284c                HAL_NVIC_EnableIRQ
 .text.HAL_DMA_Abort_IT
                0x0000000008002868       0x44 Drivers/STM32F4xx_HAL_Driver/stm32f4xx_hal_dma.o
                0x0000000008002868                HAL_DMA_Abort_IT
 .text.HAL_GPIO_Init
                0x00000000080028ac      0x334 Drivers/STM32F4xx_HAL_Driver/stm32f4xx_hal_gpio.o
                0x00000000080028ac                HAL_GPIO_Init
 .text.HAL_GPIO_WritePin
                0x0000000008002be0       0x32 Drivers/STM32F4xx_HAL_Driver/stm32f4xx_hal_gpio.o
                0x0000000008002be0                HAL_GPIO_WritePin
 *fill*         0x0000000008002c12        0x2 
 .text.HAL_GPIO_EXTI_IRQHandler
                0x0000000008002c14       0x30 Drivers/STM32F4xx_HAL_Driver/stm32f4xx_hal_gpio.o
                0x0000000008002c14                HAL_GPIO_EXTI_IRQHandler
 .text.HAL_HCD_IRQHandler
                0x0000000008002c44      0x20c Drivers/STM32F4xx_HAL_Driver/stm32f4xx_hal_hcd.o
                0x0000000008002c44                HAL_HCD_IRQHandler
 .text.HAL_HCD_Start
                0x0000000008002e50       0x46 Drivers/STM32F4xx_HAL_Driver/stm32f4xx_hal_hcd.o
                0x0000000008002e50                HAL_HCD_Start
 .text.HAL_HCD_Stop
                0x0000000008002e96       0x3a Drivers/STM32F4xx_HAL_Driver/stm32f4xx_hal_hcd.o
                0x0000000008002e96                HAL_HCD_Stop
 .text.HCD_HC_IN_IRQHandler
                0x0000000008002ed0      0x72e Drivers/STM32F4xx_HAL_Driver/stm32f4xx_hal_hcd.o
 .text.HCD_HC_OUT_IRQHandler
                0x00000000080035fe      0x6ea Drivers/STM32F4xx_HAL_Driver/stm32f4xx_hal_hcd.o
 .text.HCD_RXQLVL_IRQHandler
                0x0000000008003ce8      0x158 Drivers/STM32F4xx_HAL_Driver/stm32f4xx_hal_hcd.o
 .text.HCD_Port_IRQHandler
                0x0000000008003e40      0x120 Drivers/STM32F4xx_HAL_Driver/stm32f4xx_hal_hcd.o
 .text.HAL_I2C_Init
                0x0000000008003f60      0x270 Drivers/STM32F4xx_HAL_Driver/stm32f4xx_hal_i2c.o
                0x0000000008003f60                HAL_I2C_Init
 .text.HAL_I2S_Init
                0x00000000080041d0      0x280 Drivers/STM32F4xx_HAL_Driver/stm32f4xx_hal_i2s.o
                0x00000000080041d0                HAL_I2S_Init
 .text.HAL_I2S_TxCpltCallback
                0x0000000008004450       0x14 Drivers/STM32F4xx_HAL_Driver/stm32f4xx_hal_i2s.o
                0x0000000008004450                HAL_I2S_TxCpltCallback
 .text.HAL_I2S_RxCpltCallback
                0x0000000008004464       0x14 Drivers/STM32F4xx_HAL_Driver/stm32f4xx_hal_i2s.o
                0x0000000008004464                HAL_I2S_RxCpltCallback
 .text.HAL_I2S_ErrorCallback
                0x0000000008004478       0x14 Drivers/STM32F4xx_HAL_Driver/stm32f4xx_hal_i2s.o
                0x0000000008004478                HAL_I2S_ErrorCallback
 .text.I2S_Transmit_IT
                0x000000000800448c       0x5c Drivers/STM32F4xx_HAL_Driver/stm32f4xx_hal_i2s.o
 .text.I2S_Receive_IT
                0x00000000080044e8       0x5e Drivers/STM32F4xx_HAL_Driver/stm32f4xx_hal_i2s.o
 .text.I2S_IRQHandler
                0x0000000008004546      0x114 Drivers/STM32F4xx_HAL_Driver/stm32f4xx_hal_i2s.o
 *fill*         0x000000000800465a        0x2 
 .text.HAL_I2SEx_FullDuplex_IRQHandler
                0x000000000800465c      0x2a8 Drivers/STM32F4xx_HAL_Driver/stm32f4xx_hal_i2s_ex.o
                0x000000000800465c                HAL_I2SEx_FullDuplex_IRQHandler
 .text.HAL_I2SEx_TxRxCpltCallback
                0x0000000008004904       0x14 Drivers/STM32F4xx_HAL_Driver/stm32f4xx_hal_i2s_ex.o
                0x0000000008004904                HAL_I2SEx_TxRxCpltCallback
 .text.I2SEx_TxISR_I2S
                0x0000000008004918       0x62 Drivers/STM32F4xx_HAL_Driver/stm32f4xx_hal_i2s_ex.o
 *fill*         0x000000000800497a        0x2 
 .text.I2SEx_TxISR_I2SExt
                0x000000000800497c       0x98 Drivers/STM32F4xx_HAL_Driver/stm32f4xx_hal_i2s_ex.o
 .text.I2SEx_RxISR_I2S
                0x0000000008004a14       0x64 Drivers/STM32F4xx_HAL_Driver/stm32f4xx_hal_i2s_ex.o
 .text.I2SEx_RxISR_I2SExt
                0x0000000008004a78       0x98 Drivers/STM32F4xx_HAL_Driver/stm32f4xx_hal_i2s_ex.o
 .text.HAL_RCC_OscConfig
                0x0000000008004b10      0x4e0 Drivers/STM32F4xx_HAL_Driver/stm32f4xx_hal_rcc.o
                0x0000000008004b10                HAL_RCC_OscConfig
 .text.HAL_RCC_ClockConfig
                0x0000000008004ff0      0x1cc Drivers/STM32F4xx_HAL_Driver/stm32f4xx_hal_rcc.o
                0x0000000008004ff0                HAL_RCC_ClockConfig
 .text.HAL_RCC_GetSysClockFreq
                0x00000000080051bc      0x1b0 Drivers/STM32F4xx_HAL_Driver/stm32f4xx_hal_rcc.o
                0x00000000080051bc                HAL_RCC_GetSysClockFreq
 .text.HAL_RCC_GetHCLKFreq
                0x000000000800536c       0x18 Drivers/STM32F4xx_HAL_Driver/stm32f4xx_hal_rcc.o
                0x000000000800536c                HAL_RCC_GetHCLKFreq
 .text.HAL_RCC_GetPCLK1Freq
                0x0000000008005384       0x28 Drivers/STM32F4xx_HAL_Driver/stm32f4xx_hal_rcc.o
                0x0000000008005384                HAL_RCC_GetPCLK1Freq
 .text.HAL_RCC_GetPCLK2Freq
                0x00000000080053ac       0x28 Drivers/STM32F4xx_HAL_Driver/stm32f4xx_hal_rcc.o
                0x00000000080053ac                HAL_RCC_GetPCLK2Freq
 .text.HAL_RCC_GetClockConfig
                0x00000000080053d4       0x64 Drivers/STM32F4xx_HAL_Driver/stm32f4xx_hal_rcc.o
                0x00000000080053d4                HAL_RCC_GetClockConfig
 .text.HAL_RCCEx_PeriphCLKConfig
                0x0000000008005438      0x1c4 Drivers/STM32F4xx_HAL_Driver/stm32f4xx_hal_rcc_ex.o
                0x0000000008005438                HAL_RCCEx_PeriphCLKConfig
 .text.HAL_RCCEx_GetPeriphCLKFreq
                0x00000000080055fc       0xb8 Drivers/STM32F4xx_HAL_Driver/stm32f4xx_hal_rcc_ex.o
                0x00000000080055fc                HAL_RCCEx_GetPeriphCLKFreq
 .text.HAL_SPI_Init
                0x00000000080056b4       0xc8 Drivers/STM32F4xx_HAL_Driver/stm32f4xx_hal_spi.o
                0x00000000080056b4                HAL_SPI_Init
 .text.HAL_SPI_Transmit
                0x000000000800577c      0x268 Drivers/STM32F4xx_HAL_Driver/stm32f4xx_hal_spi.o
                0x000000000800577c                HAL_SPI_Transmit
 .text.SPI_WaitFlagStateUntilTimeout
                0x00000000080059e4       0xd4 Drivers/STM32F4xx_HAL_Driver/stm32f4xx_hal_spi.o
 .text.SPI_EndRxTxTransaction
                0x0000000008005ab8       0x84 Drivers/STM32F4xx_HAL_Driver/stm32f4xx_hal_spi.o
 .text.HAL_TIM_Base_Init
                0x0000000008005b3c       0x56 Drivers/STM32F4xx_HAL_Driver/stm32f4xx_hal_tim.o
                0x0000000008005b3c                HAL_TIM_Base_Init
 .text.HAL_TIM_Base_Start
                0x0000000008005b92       0x48 Drivers/STM32F4xx_HAL_Driver/stm32f4xx_hal_tim.o
                0x0000000008005b92                HAL_TIM_Base_Start
 .text.HAL_TIM_Base_Start_IT
                0x0000000008005bda       0x48 Drivers/STM32F4xx_HAL_Driver/stm32f4xx_hal_tim.o
                0x0000000008005bda                HAL_TIM_Base_Start_IT
 .text.HAL_TIM_IRQHandler
                0x0000000008005c22      0x210 Drivers/STM32F4xx_HAL_Driver/stm32f4xx_hal_tim.o
                0x0000000008005c22                HAL_TIM_IRQHandler
 .text.HAL_TIM_ConfigClockSource
                0x0000000008005e32      0x16e Drivers/STM32F4xx_HAL_Driver/stm32f4xx_hal_tim.o
                0x0000000008005e32                HAL_TIM_ConfigClockSource
 .text.HAL_TIM_OC_DelayElapsedCallback
                0x0000000008005fa0       0x14 Drivers/STM32F4xx_HAL_Driver/stm32f4xx_hal_tim.o
                0x0000000008005fa0                HAL_TIM_OC_DelayElapsedCallback
 .text.HAL_TIM_IC_CaptureCallback
                0x0000000008005fb4       0x14 Drivers/STM32F4xx_HAL_Driver/stm32f4xx_hal_tim.o
                0x0000000008005fb4                HAL_TIM_IC_CaptureCallback
 .text.HAL_TIM_PWM_PulseFinishedCallback
                0x0000000008005fc8       0x14 Drivers/STM32F4xx_HAL_Driver/stm32f4xx_hal_tim.o
                0x0000000008005fc8                HAL_TIM_PWM_PulseFinishedCallback
 .text.HAL_TIM_TriggerCallback
                0x0000000008005fdc       0x14 Drivers/STM32F4xx_HAL_Driver/stm32f4xx_hal_tim.o
                0x0000000008005fdc                HAL_TIM_TriggerCallback
 .text.TIM_Base_SetConfig
                0x0000000008005ff0      0x140 Drivers/STM32F4xx_HAL_Driver/stm32f4xx_hal_tim.o
                0x0000000008005ff0                TIM_Base_SetConfig
 .text.TIM_TI1_ConfigInputStage
                0x0000000008006130       0x5e Drivers/STM32F4xx_HAL_Driver/stm32f4xx_hal_tim.o
 .text.TIM_TI2_ConfigInputStage
                0x000000000800618e       0x60 Drivers/STM32F4xx_HAL_Driver/stm32f4xx_hal_tim.o
 .text.TIM_ITRx_SetConfig
                0x00000000080061ee       0x36 Drivers/STM32F4xx_HAL_Driver/stm32f4xx_hal_tim.o
 .text.TIM_ETR_SetConfig
                0x0000000008006224       0x40 Drivers/STM32F4xx_HAL_Driver/stm32f4xx_hal_tim.o
                0x0000000008006224                TIM_ETR_SetConfig
 .text.HAL_TIMEx_MasterConfigSynchronization
                0x0000000008006264       0xf8 Drivers/STM32F4xx_HAL_Driver/stm32f4xx_hal_tim_ex.o
                0x0000000008006264                HAL_TIMEx_MasterConfigSynchronization
 .text.HAL_TIMEx_CommutCallback
                0x000000000800635c       0x14 Drivers/STM32F4xx_HAL_Driver/stm32f4xx_hal_tim_ex.o
                0x000000000800635c                HAL_TIMEx_CommutCallback
 .text.HAL_TIMEx_BreakCallback
                0x0000000008006370       0x14 Drivers/STM32F4xx_HAL_Driver/stm32f4xx_hal_tim_ex.o
                0x0000000008006370                HAL_TIMEx_BreakCallback
 .text.HAL_UART_Init
                0x0000000008006384       0x9a Drivers/STM32F4xx_HAL_Driver/stm32f4xx_hal_uart.o
                0x0000000008006384                HAL_UART_Init
 *fill*         0x000000000800641e        0x2 
 .text.HAL_UART_IRQHandler
                0x0000000008006420      0x200 Drivers/STM32F4xx_HAL_Driver/stm32f4xx_hal_uart.o
                0x0000000008006420                HAL_UART_IRQHandler
 .text.HAL_UART_TxCpltCallback
                0x0000000008006620       0x14 Drivers/STM32F4xx_HAL_Driver/stm32f4xx_hal_uart.o
                0x0000000008006620                HAL_UART_TxCpltCallback
 .text.HAL_UART_RxCpltCallback
                0x0000000008006634       0x14 Drivers/STM32F4xx_HAL_Driver/stm32f4xx_hal_uart.o
                0x0000000008006634                HAL_UART_RxCpltCallback
 .text.HAL_UART_ErrorCallback
                0x0000000008006648       0x14 Drivers/STM32F4xx_HAL_Driver/stm32f4xx_hal_uart.o
                0x0000000008006648                HAL_UART_ErrorCallback
 .text.UART_EndRxTransfer
                0x000000000800665c       0x3c Drivers/STM32F4xx_HAL_Driver/stm32f4xx_hal_uart.o
 .text.UART_DMAAbortOnError
                0x0000000008006698       0x28 Drivers/STM32F4xx_HAL_Driver/stm32f4xx_hal_uart.o
 .text.UART_Transmit_IT
                0x00000000080066c0       0xac Drivers/STM32F4xx_HAL_Driver/stm32f4xx_hal_uart.o
 .text.UART_EndTransmit_IT
                0x000000000800676c       0x30 Drivers/STM32F4xx_HAL_Driver/stm32f4xx_hal_uart.o
 .text.UART_Receive_IT
                0x000000000800679c      0x102 Drivers/STM32F4xx_HAL_Driver/stm32f4xx_hal_uart.o
 *fill*         0x000000000800689e        0x2 
 .text.UART_SetConfig
                0x00000000080068a0      0x6f8 Drivers/STM32F4xx_HAL_Driver/stm32f4xx_hal_uart.o
 .text.USB_EnableGlobalInt
                0x0000000008006f98       0x22 Drivers/STM32F4xx_HAL_Driver/stm32f4xx_ll_usb.o
                0x0000000008006f98                USB_EnableGlobalInt
 .text.USB_DisableGlobalInt
                0x0000000008006fba       0x22 Drivers/STM32F4xx_HAL_Driver/stm32f4xx_ll_usb.o
                0x0000000008006fba                USB_DisableGlobalInt
 .text.USB_FlushTxFifo
                0x0000000008006fdc       0x4c Drivers/STM32F4xx_HAL_Driver/stm32f4xx_ll_usb.o
                0x0000000008006fdc                USB_FlushTxFifo
 .text.USB_FlushRxFifo
                0x0000000008007028       0x44 Drivers/STM32F4xx_HAL_Driver/stm32f4xx_ll_usb.o
                0x0000000008007028                USB_FlushRxFifo
 .text.USB_ReadPacket
                0x000000000800706c       0x52 Drivers/STM32F4xx_HAL_Driver/stm32f4xx_ll_usb.o
                0x000000000800706c                USB_ReadPacket
 .text.USB_ReadInterrupts
                0x00000000080070be       0x26 Drivers/STM32F4xx_HAL_Driver/stm32f4xx_ll_usb.o
                0x00000000080070be                USB_ReadInterrupts
 .text.USB_GetMode
                0x00000000080070e4       0x1c Drivers/STM32F4xx_HAL_Driver/stm32f4xx_ll_usb.o
                0x00000000080070e4                USB_GetMode
 .text.USB_InitFSLSPClkSel
                0x0000000008007100       0x74 Drivers/STM32F4xx_HAL_Driver/stm32f4xx_ll_usb.o
                0x0000000008007100                USB_InitFSLSPClkSel
 .text.USB_DriveVbus
                0x0000000008007174       0x72 Drivers/STM32F4xx_HAL_Driver/stm32f4xx_ll_usb.o
                0x0000000008007174                USB_DriveVbus
 .text.USB_HC_ReadInterrupt
                0x00000000080071e6       0x22 Drivers/STM32F4xx_HAL_Driver/stm32f4xx_ll_usb.o
                0x00000000080071e6                USB_HC_ReadInterrupt
 .text.USB_HC_Halt
                0x0000000008007208      0x1fe Drivers/STM32F4xx_HAL_Driver/stm32f4xx_ll_usb.o
                0x0000000008007208                USB_HC_Halt
 .text.USB_StopHost
                0x0000000008007406      0x10c Drivers/STM32F4xx_HAL_Driver/stm32f4xx_ll_usb.o
                0x0000000008007406                USB_StopHost
 *fill*         0x0000000008007512        0x2 
 .text.osKernelInitialize
                0x0000000008007514       0x68 Middlewares/FreeRTOS/cmsis_os2.o
                0x0000000008007514                osKernelInitialize
 .text.osKernelStart
                0x000000000800757c       0x68 Middlewares/FreeRTOS/cmsis_os2.o
                0x000000000800757c                osKernelStart
 .text.osThreadNew
                0x00000000080075e4      0x154 Middlewares/FreeRTOS/cmsis_os2.o
                0x00000000080075e4                osThreadNew
 .text.osDelay  0x0000000008007738       0x5c Middlewares/FreeRTOS/cmsis_os2.o
                0x0000000008007738                osDelay
 .text.TimerCallback
                0x0000000008007794       0x2a Middlewares/FreeRTOS/cmsis_os2.o
 *fill*         0x00000000080077be        0x2 
 .text.osTimerNew
                0x00000000080077c0      0x108 Middlewares/FreeRTOS/cmsis_os2.o
                0x00000000080077c0                osTimerNew
 .text.osTimerStart
                0x00000000080078c8       0x80 Middlewares/FreeRTOS/cmsis_os2.o
                0x00000000080078c8                osTimerStart
 .text.osMessageQueueNew
                0x0000000008007948      0x10c Middlewares/FreeRTOS/cmsis_os2.o
                0x0000000008007948                osMessageQueueNew
 .text.osMessageQueuePut
                0x0000000008007a54       0xe8 Middlewares/FreeRTOS/cmsis_os2.o
                0x0000000008007a54                osMessageQueuePut
 .text.osMessageQueueGet
                0x0000000008007b3c       0xe4 Middlewares/FreeRTOS/cmsis_os2.o
                0x0000000008007b3c                osMessageQueueGet
 .text.vApplicationGetIdleTaskMemory
                0x0000000008007c20       0x34 Middlewares/FreeRTOS/cmsis_os2.o
                0x0000000008007c20                vApplicationGetIdleTaskMemory
 .text.vApplicationGetTimerTaskMemory
                0x0000000008007c54       0x34 Middlewares/FreeRTOS/cmsis_os2.o
                0x0000000008007c54                vApplicationGetTimerTaskMemory
 .text.pvPortMalloc
                0x0000000008007c88      0x184 Middlewares/FreeRTOS/heap_4.o
                0x0000000008007c88                pvPortMalloc
 .text.vPortFree
                0x0000000008007e0c       0xb0 Middlewares/FreeRTOS/heap_4.o
                0x0000000008007e0c                vPortFree
 .text.prvHeapInit
                0x0000000008007ebc       0xc4 Middlewares/FreeRTOS/heap_4.o
 .text.prvInsertBlockIntoFreeList
                0x0000000008007f80       0xb4 Middlewares/FreeRTOS/heap_4.o
 .text.vListInitialise
                0x0000000008008034       0x40 Middlewares/FreeRTOS/list.o
                0x0000000008008034                vListInitialise
 .text.vListInitialiseItem
                0x0000000008008074       0x1a Middlewares/FreeRTOS/list.o
                0x0000000008008074                vListInitialiseItem
 .text.vListInsertEnd
                0x000000000800808e       0x48 Middlewares/FreeRTOS/list.o
                0x000000000800808e                vListInsertEnd
 .text.vListInsert
                0x00000000080080d6       0x72 Middlewares/FreeRTOS/list.o
                0x00000000080080d6                vListInsert
 .text.uxListRemove
                0x0000000008008148       0x54 Middlewares/FreeRTOS/list.o
                0x0000000008008148                uxListRemove
 .text.pxPortInitialiseStack
                0x000000000800819c       0x68 Middlewares/FreeRTOS/port.o
                0x000000000800819c                pxPortInitialiseStack
 .text.prvTaskExitError
                0x0000000008008204       0x54 Middlewares/FreeRTOS/port.o
 *fill*         0x0000000008008258        0x8 
 .text.SVC_Handler
                0x0000000008008260       0x28 Middlewares/FreeRTOS/port.o
                0x0000000008008260                SVC_Handler
 .text.prvPortStartFirstTask
                0x0000000008008288       0x28 Middlewares/FreeRTOS/port.o
 .text.xPortStartScheduler
                0x00000000080082b0      0x13c Middlewares/FreeRTOS/port.o
                0x00000000080082b0                xPortStartScheduler
 .text.vPortEnterCritical
                0x00000000080083ec       0x5c Middlewares/FreeRTOS/port.o
                0x00000000080083ec                vPortEnterCritical
 .text.vPortExitCritical
                0x0000000008008448       0x50 Middlewares/FreeRTOS/port.o
                0x0000000008008448                vPortExitCritical
 *fill*         0x0000000008008498        0x8 
 .text.PendSV_Handler
                0x00000000080084a0       0x68 Middlewares/FreeRTOS/port.o
                0x00000000080084a0                PendSV_Handler
 .text.SysTick_Handler
                0x0000000008008508       0x40 Middlewares/FreeRTOS/port.o
                0x0000000008008508                SysTick_Handler
 .text.vPortSetupTimerInterrupt
                0x0000000008008548       0x48 Middlewares/FreeRTOS/port.o
                0x0000000008008548                vPortSetupTimerInterrupt
 .text.vPortEnableVFP
                0x0000000008008590       0x14 Middlewares/FreeRTOS/port.o
 .text.vPortValidateInterruptPriority
                0x00000000080085a4       0x7c Middlewares/FreeRTOS/port.o
                0x00000000080085a4                vPortValidateInterruptPriority
 .text.xQueueGenericReset
                0x0000000008008620       0xd0 Middlewares/FreeRTOS/queue.o
                0x0000000008008620                xQueueGenericReset
 .text.xQueueGenericCreateStatic
                0x00000000080086f0       0xe4 Middlewares/FreeRTOS/queue.o
                0x00000000080086f0                xQueueGenericCreateStatic
 .text.xQueueGenericCreate
                0x00000000080087d4       0x7a Middlewares/FreeRTOS/queue.o
                0x00000000080087d4                xQueueGenericCreate
 .text.prvInitialiseNewQueue
                0x000000000800884e       0x46 Middlewares/FreeRTOS/queue.o
 .text.xQueueGenericSend
                0x0000000008008894      0x1f4 Middlewares/FreeRTOS/queue.o
                0x0000000008008894                xQueueGenericSend
 .text.xQueueGenericSendFromISR
                0x0000000008008a88      0x128 Middlewares/FreeRTOS/queue.o
                0x0000000008008a88                xQueueGenericSendFromISR
 .text.xQueueReceive
                0x0000000008008bb0      0x1b8 Middlewares/FreeRTOS/queue.o
                0x0000000008008bb0                xQueueReceive
 .text.xQueueReceiveFromISR
                0x0000000008008d68       0xfa Middlewares/FreeRTOS/queue.o
                0x0000000008008d68                xQueueReceiveFromISR
 .text.prvCopyDataToQueue
                0x0000000008008e62       0xd4 Middlewares/FreeRTOS/queue.o
 .text.prvCopyDataFromQueue
                0x0000000008008f36       0x4c Middlewares/FreeRTOS/queue.o
 .text.prvUnlockQueue
                0x0000000008008f82       0xa4 Middlewares/FreeRTOS/queue.o
 .text.prvIsQueueEmpty
                0x0000000008009026       0x2c Middlewares/FreeRTOS/queue.o
 .text.prvIsQueueFull
                0x0000000008009052       0x30 Middlewares/FreeRTOS/queue.o
 *fill*         0x0000000008009082        0x2 
 .text.vQueueAddToRegistry
                0x0000000008009084       0x50 Middlewares/FreeRTOS/queue.o
                0x0000000008009084                vQueueAddToRegistry
 .text.vQueueWaitForMessageRestricted
                0x00000000080090d4       0x68 Middlewares/FreeRTOS/queue.o
                0x00000000080090d4                vQueueWaitForMessageRestricted
 .text.xTaskCreateStatic
                0x000000000800913c       0xb2 Middlewares/FreeRTOS/tasks.o
                0x000000000800913c                xTaskCreateStatic
 .text.xTaskCreate
                0x00000000080091ee       0x8a Middlewares/FreeRTOS/tasks.o
                0x00000000080091ee                xTaskCreate
 .text.prvInitialiseNewTask
                0x0000000008009278      0x10c Middlewares/FreeRTOS/tasks.o
 .text.prvAddNewTaskToReadyList
                0x0000000008009384       0xe0 Middlewares/FreeRTOS/tasks.o
 .text.vTaskDelay
                0x0000000008009464       0x68 Middlewares/FreeRTOS/tasks.o
                0x0000000008009464                vTaskDelay
 .text.vTaskStartScheduler
                0x00000000080094cc       0xc8 Middlewares/FreeRTOS/tasks.o
                0x00000000080094cc                vTaskStartScheduler
 .text.vTaskSuspendAll
                0x0000000008009594       0x1c Middlewares/FreeRTOS/tasks.o
                0x0000000008009594                vTaskSuspendAll
 .text.xTaskResumeAll
                0x00000000080095b0      0x138 Middlewares/FreeRTOS/tasks.o
                0x00000000080095b0                xTaskResumeAll
 .text.xTaskGetTickCount
                0x00000000080096e8       0x20 Middlewares/FreeRTOS/tasks.o
                0x00000000080096e8                xTaskGetTickCount
 .text.xTaskGetTickCountFromISR
                0x0000000008009708       0x24 Middlewares/FreeRTOS/tasks.o
                0x0000000008009708                xTaskGetTickCountFromISR
 .text.xTaskIncrementTick
                0x000000000800972c      0x17c Middlewares/FreeRTOS/tasks.o
                0x000000000800972c                xTaskIncrementTick
 .text.vTaskSwitchContext
                0x00000000080098a8       0xb8 Middlewares/FreeRTOS/tasks.o
                0x00000000080098a8                vTaskSwitchContext
 .text.vTaskPlaceOnEventList
                0x0000000008009960       0x48 Middlewares/FreeRTOS/tasks.o
                0x0000000008009960                vTaskPlaceOnEventList
 .text.vTaskPlaceOnEventListRestricted
                0x00000000080099a8       0x54 Middlewares/FreeRTOS/tasks.o
                0x00000000080099a8                vTaskPlaceOnEventListRestricted
 .text.xTaskRemoveFromEventList
                0x00000000080099fc       0xc4 Middlewares/FreeRTOS/tasks.o
                0x00000000080099fc                xTaskRemoveFromEventList
 .text.vTaskInternalSetTimeOutState
                0x0000000008009ac0       0x2c Middlewares/FreeRTOS/tasks.o
                0x0000000008009ac0                vTaskInternalSetTimeOutState
 .text.xTaskCheckForTimeOut
                0x0000000008009aec       0xc0 Middlewares/FreeRTOS/tasks.o
                0x0000000008009aec                xTaskCheckForTimeOut
 .text.vTaskMissedYield
                0x0000000008009bac       0x18 Middlewares/FreeRTOS/tasks.o
                0x0000000008009bac                vTaskMissedYield
 .text.prvIdleTask
                0x0000000008009bc4       0x30 Middlewares/FreeRTOS/tasks.o
 .text.prvInitialiseTaskLists
                0x0000000008009bf4       0x80 Middlewares/FreeRTOS/tasks.o
 .text.prvCheckTasksWaitingTermination
                0x0000000008009c74       0x58 Middlewares/FreeRTOS/tasks.o
 .text.prvDeleteTCB
                0x0000000008009ccc       0x5c Middlewares/FreeRTOS/tasks.o
 .text.prvResetNextTaskUnblockTime
                0x0000000008009d28       0x4c Middlewares/FreeRTOS/tasks.o
 .text.xTaskGetSchedulerState
                0x0000000008009d74       0x3c Middlewares/FreeRTOS/tasks.o
                0x0000000008009d74                xTaskGetSchedulerState
 .text.xTaskPriorityDisinherit
                0x0000000008009db0       0xd8 Middlewares/FreeRTOS/tasks.o
                0x0000000008009db0                xTaskPriorityDisinherit
 .text.prvAddCurrentTaskToDelayedList
                0x0000000008009e88       0xa8 Middlewares/FreeRTOS/tasks.o
 .text.xTimerCreateTimerTask
                0x0000000008009f30       0x90 Middlewares/FreeRTOS/timers.o
                0x0000000008009f30                xTimerCreateTimerTask
 .text.xTimerCreate
                0x0000000008009fc0       0x42 Middlewares/FreeRTOS/timers.o
                0x0000000008009fc0                xTimerCreate
 .text.xTimerCreateStatic
                0x000000000800a002       0x76 Middlewares/FreeRTOS/timers.o
                0x000000000800a002                xTimerCreateStatic
 .text.prvInitialiseNewTimer
                0x000000000800a078       0x62 Middlewares/FreeRTOS/timers.o
 *fill*         0x000000000800a0da        0x2 
 .text.xTimerGenericCommand
                0x000000000800a0dc       0x98 Middlewares/FreeRTOS/timers.o
                0x000000000800a0dc                xTimerGenericCommand
 .text.prvProcessExpiredTimer
                0x000000000800a174       0x80 Middlewares/FreeRTOS/timers.o
 .text.prvTimerTask
                0x000000000800a1f4       0x24 Middlewares/FreeRTOS/timers.o
 .text.prvProcessTimerOrBlockTask
                0x000000000800a218       0x9c Middlewares/FreeRTOS/timers.o
 .text.prvGetNextExpireTime
                0x000000000800a2b4       0x48 Middlewares/FreeRTOS/timers.o
 .text.prvSampleTimeNow
                0x000000000800a2fc       0x40 Middlewares/FreeRTOS/timers.o
 .text.prvInsertTimerInActiveList
                0x000000000800a33c       0x84 Middlewares/FreeRTOS/timers.o
 .text.prvProcessReceivedCommands
                0x000000000800a3c0      0x160 Middlewares/FreeRTOS/timers.o
 .text.prvSwitchTimerLists
                0x000000000800a520       0xc0 Middlewares/FreeRTOS/timers.o
 .text.prvCheckForValidListAndQueue
                0x000000000800a5e0       0x80 Middlewares/FreeRTOS/timers.o
 .text.pvTimerGetTimerID
                0x000000000800a660       0x3e Middlewares/FreeRTOS/timers.o
                0x000000000800a660                pvTimerGetTimerID
 .text.USBH_LL_IncTimer
                0x000000000800a69e       0x24 Middlewares/USB_Host_Library/usbh_core.o
                0x000000000800a69e                USBH_LL_IncTimer
 .text.USBH_HandleSof
                0x000000000800a6c2       0x30 Middlewares/USB_Host_Library/usbh_core.o
 .text.USBH_LL_PortEnabled
                0x000000000800a6f2       0x1c Middlewares/USB_Host_Library/usbh_core.o
                0x000000000800a6f2                USBH_LL_PortEnabled
 .text.USBH_LL_PortDisabled
                0x000000000800a70e       0x1c Middlewares/USB_Host_Library/usbh_core.o
                0x000000000800a70e                USBH_LL_PortDisabled
 .text.USBH_LL_Connect
                0x000000000800a72a       0x68 Middlewares/USB_Host_Library/usbh_core.o
                0x000000000800a72a                USBH_LL_Connect
 .text.USBH_LL_Disconnect
                0x000000000800a792       0x76 Middlewares/USB_Host_Library/usbh_core.o
                0x000000000800a792                USBH_LL_Disconnect
 .text.USBH_LL_NotifyURBChange
                0x000000000800a808       0x2e Middlewares/USB_Host_Library/usbh_core.o
                0x000000000800a808                USBH_LL_NotifyURBChange
 .text.USBH_FreePipe
                0x000000000800a836       0x38 Middlewares/USB_Host_Library/usbh_pipes.o
                0x000000000800a836                USBH_FreePipe
 .text.HAL_HCD_SOF_Callback
                0x000000000800a86e       0x1c USB_HOST/Target/usbh_conf.o
                0x000000000800a86e                HAL_HCD_SOF_Callback
 .text.HAL_HCD_Connect_Callback
                0x000000000800a88a       0x1c USB_HOST/Target/usbh_conf.o
                0x000000000800a88a                HAL_HCD_Connect_Callback
 .text.HAL_HCD_Disconnect_Callback
                0x000000000800a8a6       0x1c USB_HOST/Target/usbh_conf.o
                0x000000000800a8a6                HAL_HCD_Disconnect_Callback
 .text.HAL_HCD_HC_NotifyURBChange_Callback
                0x000000000800a8c2       0x24 USB_HOST/Target/usbh_conf.o
                0x000000000800a8c2                HAL_HCD_HC_NotifyURBChange_Callback
 .text.HAL_HCD_PortEnabled_Callback
                0x000000000800a8e6       0x1c USB_HOST/Target/usbh_conf.o
                0x000000000800a8e6                HAL_HCD_PortEnabled_Callback
 .text.HAL_HCD_PortDisabled_Callback
                0x000000000800a902       0x1c USB_HOST/Target/usbh_conf.o
                0x000000000800a902                HAL_HCD_PortDisabled_Callback
 .text.USBH_LL_Start
                0x000000000800a91e       0x36 USB_HOST/Target/usbh_conf.o
                0x000000000800a91e                USBH_LL_Start
 .text.USBH_LL_Stop
                0x000000000800a954       0x36 USB_HOST/Target/usbh_conf.o
                0x000000000800a954                USBH_LL_Stop
 *fill*         0x000000000800a98a        0x2 
 .text.USBH_Get_USB_Status
                0x000000000800a98c       0x58 USB_HOST/Target/usbh_conf.o
                0x000000000800a98c                USBH_Get_USB_Status
 .text.__errno  0x000000000800a9e4        0xc c:/st/stm32cubeide_1.2.0/stm32cubeide/plugins/com.st.stm32cube.ide.mcu.externaltools.gnu-tools-for-stm32.7-2018-q2-update.win32_1.4.0.202007081208/tools/bin/../lib/gcc/arm-none-eabi/7.3.1/../../../../arm-none-eabi/lib/thumb/v7e-m/fpv4-sp/hard\libc_nano.a(lib_a-errno.o)
                0x000000000800a9e4                __errno
 .text.__libc_init_array
                0x000000000800a9f0       0x48 c:/st/stm32cubeide_1.2.0/stm32cubeide/plugins/com.st.stm32cube.ide.mcu.externaltools.gnu-tools-for-stm32.7-2018-q2-update.win32_1.4.0.202007081208/tools/bin/../lib/gcc/arm-none-eabi/7.3.1/../../../../arm-none-eabi/lib/thumb/v7e-m/fpv4-sp/hard\libc_nano.a(lib_a-init.o)
                0x000000000800a9f0                __libc_init_array
 .text.memcpy   0x000000000800aa38       0x16 c:/st/stm32cubeide_1.2.0/stm32cubeide/plugins/com.st.stm32cube.ide.mcu.externaltools.gnu-tools-for-stm32.7-2018-q2-update.win32_1.4.0.202007081208/tools/bin/../lib/gcc/arm-none-eabi/7.3.1/../../../../arm-none-eabi/lib/thumb/v7e-m/fpv4-sp/hard\libc_nano.a(lib_a-memcpy-stub.o)
                0x000000000800aa38                memcpy
 .text.memmove  0x000000000800aa4e       0x32 c:/st/stm32cubeide_1.2.0/stm32cubeide/plugins/com.st.stm32cube.ide.mcu.externaltools.gnu-tools-for-stm32.7-2018-q2-update.win32_1.4.0.202007081208/tools/bin/../lib/gcc/arm-none-eabi/7.3.1/../../../../arm-none-eabi/lib/thumb/v7e-m/fpv4-sp/hard\libc_nano.a(lib_a-memmove.o)
                0x000000000800aa4e                memmove
 .text.memset   0x000000000800aa80       0x10 c:/st/stm32cubeide_1.2.0/stm32cubeide/plugins/com.st.stm32cube.ide.mcu.externaltools.gnu-tools-for-stm32.7-2018-q2-update.win32_1.4.0.202007081208/tools/bin/../lib/gcc/arm-none-eabi/7.3.1/../../../../arm-none-eabi/lib/thumb/v7e-m/fpv4-sp/hard\libc_nano.a(lib_a-memset.o)
                0x000000000800aa80                memset
 .text._free_r  0x000000000800aa90       0x9c c:/st/stm32cubeide_1.2.0/stm32cubeide/plugins/com.st.stm32cube.ide.mcu.externaltools.gnu-tools-for-stm32.7-2018-q2-update.win32_1.4.0.202007081208/tools/bin/../lib/gcc/arm-none-eabi/7.3.1/../../../../arm-none-eabi/lib/thumb/v7e-m/fpv4-sp/hard\libc_nano.a(lib_a-nano-freer.o)
                0x000000000800aa90                _free_r
 .text._malloc_r
                0x000000000800ab2c       0xb4 c:/st/stm32cubeide_1.2.0/stm32cubeide/plugins/com.st.stm32cube.ide.mcu.externaltools.gnu-tools-for-stm32.7-2018-q2-update.win32_1.4.0.202007081208/tools/bin/../lib/gcc/arm-none-eabi/7.3.1/../../../../arm-none-eabi/lib/thumb/v7e-m/fpv4-sp/hard\libc_nano.a(lib_a-nano-mallocr.o)
                0x000000000800ab2c                _malloc_r
 .text._sbrk_r  0x000000000800abe0       0x20 c:/st/stm32cubeide_1.2.0/stm32cubeide/plugins/com.st.stm32cube.ide.mcu.externaltools.gnu-tools-for-stm32.7-2018-q2-update.win32_1.4.0.202007081208/tools/bin/../lib/gcc/arm-none-eabi/7.3.1/../../../../arm-none-eabi/lib/thumb/v7e-m/fpv4-sp/hard\libc_nano.a(lib_a-sbrkr.o)
                0x000000000800abe0                _sbrk_r
 .text.sprintf  0x000000000800ac00       0x40 c:/st/stm32cubeide_1.2.0/stm32cubeide/plugins/com.st.stm32cube.ide.mcu.externaltools.gnu-tools-for-stm32.7-2018-q2-update.win32_1.4.0.202007081208/tools/bin/../lib/gcc/arm-none-eabi/7.3.1/../../../../arm-none-eabi/lib/thumb/v7e-m/fpv4-sp/hard\libc_nano.a(lib_a-sprintf.o)
                0x000000000800ac00                siprintf
                0x000000000800ac00                sprintf
 .text.__malloc_lock
                0x000000000800ac40        0x2 c:/st/stm32cubeide_1.2.0/stm32cubeide/plugins/com.st.stm32cube.ide.mcu.externaltools.gnu-tools-for-stm32.7-2018-q2-update.win32_1.4.0.202007081208/tools/bin/../lib/gcc/arm-none-eabi/7.3.1/../../../../arm-none-eabi/lib/thumb/v7e-m/fpv4-sp/hard\libc_nano.a(lib_a-mlock.o)
                0x000000000800ac40                __malloc_lock
 .text.__malloc_unlock
                0x000000000800ac42        0x2 c:/st/stm32cubeide_1.2.0/stm32cubeide/plugins/com.st.stm32cube.ide.mcu.externaltools.gnu-tools-for-stm32.7-2018-q2-update.win32_1.4.0.202007081208/tools/bin/../lib/gcc/arm-none-eabi/7.3.1/../../../../arm-none-eabi/lib/thumb/v7e-m/fpv4-sp/hard\libc_nano.a(lib_a-mlock.o)
                0x000000000800ac42                __malloc_unlock
 .text.__ssputs_r
                0x000000000800ac44       0xb4 c:/st/stm32cubeide_1.2.0/stm32cubeide/plugins/com.st.stm32cube.ide.mcu.externaltools.gnu-tools-for-stm32.7-2018-q2-update.win32_1.4.0.202007081208/tools/bin/../lib/gcc/arm-none-eabi/7.3.1/../../../../arm-none-eabi/lib/thumb/v7e-m/fpv4-sp/hard\libc_nano.a(lib_a-nano-svfprintf.o)
                0x000000000800ac44                __ssputs_r
 .text._svfprintf_r
                0x000000000800acf8      0x1f0 c:/st/stm32cubeide_1.2.0/stm32cubeide/plugins/com.st.stm32cube.ide.mcu.externaltools.gnu-tools-for-stm32.7-2018-q2-update.win32_1.4.0.202007081208/tools/bin/../lib/gcc/arm-none-eabi/7.3.1/../../../../arm-none-eabi/lib/thumb/v7e-m/fpv4-sp/hard\libc_nano.a(lib_a-nano-svfprintf.o)
                0x000000000800acf8                _svfiprintf_r
                0x000000000800acf8                _svfprintf_r
 .text._printf_common
                0x000000000800aee8       0xea c:/st/stm32cubeide_1.2.0/stm32cubeide/plugins/com.st.stm32cube.ide.mcu.externaltools.gnu-tools-for-stm32.7-2018-q2-update.win32_1.4.0.202007081208/tools/bin/../lib/gcc/arm-none-eabi/7.3.1/../../../../arm-none-eabi/lib/thumb/v7e-m/fpv4-sp/hard\libc_nano.a(lib_a-nano-vfprintf_i.o)
                0x000000000800aee8                _printf_common
 *fill*         0x000000000800afd2        0x2 
 .text._printf_i
                0x000000000800afd4      0x224 c:/st/stm32cubeide_1.2.0/stm32cubeide/plugins/com.st.stm32cube.ide.mcu.externaltools.gnu-tools-for-stm32.7-2018-q2-update.win32_1.4.0.202007081208/tools/bin/../lib/gcc/arm-none-eabi/7.3.1/../../../../arm-none-eabi/lib/thumb/v7e-m/fpv4-sp/hard\libc_nano.a(lib_a-nano-vfprintf_i.o)
                0x000000000800afd4                _printf_i
 .text._realloc_r
                0x000000000800b1f8       0x4c c:/st/stm32cubeide_1.2.0/stm32cubeide/plugins/com.st.stm32cube.ide.mcu.externaltools.gnu-tools-for-stm32.7-2018-q2-update.win32_1.4.0.202007081208/tools/bin/../lib/gcc/arm-none-eabi/7.3.1/../../../../arm-none-eabi/lib/thumb/v7e-m/fpv4-sp/hard\libc_nano.a(lib_a-nano-reallocr.o)
                0x000000000800b1f8                _realloc_r
 .text._malloc_usable_size_r
                0x000000000800b244       0x10 c:/st/stm32cubeide_1.2.0/stm32cubeide/plugins/com.st.stm32cube.ide.mcu.externaltools.gnu-tools-for-stm32.7-2018-q2-update.win32_1.4.0.202007081208/tools/bin/../lib/gcc/arm-none-eabi/7.3.1/../../../../arm-none-eabi/lib/thumb/v7e-m/fpv4-sp/hard\libc_nano.a(lib_a-nano-msizer.o)
                0x000000000800b244                _malloc_usable_size_r
 *(.glue_7)
 .glue_7        0x000000000800b254        0x0 linker stubs
 *(.glue_7t)
 .glue_7t       0x000000000800b254        0x0 linker stubs
 *(.eh_frame)
 .eh_frame      0x000000000800b254        0x0 c:/st/stm32cubeide_1.2.0/stm32cubeide/plugins/com.st.stm32cube.ide.mcu.externaltools.gnu-tools-for-stm32.7-2018-q2-update.win32_1.4.0.202007081208/tools/bin/../lib/gcc/arm-none-eabi/7.3.1/thumb/v7e-m/fpv4-sp/hard/crtbegin.o
 *(.init)
 .init          0x000000000800b254        0x4 c:/st/stm32cubeide_1.2.0/stm32cubeide/plugins/com.st.stm32cube.ide.mcu.externaltools.gnu-tools-for-stm32.7-2018-q2-update.win32_1.4.0.202007081208/tools/bin/../lib/gcc/arm-none-eabi/7.3.1/thumb/v7e-m/fpv4-sp/hard/crti.o
                0x000000000800b254                _init
 .init          0x000000000800b258        0x8 c:/st/stm32cubeide_1.2.0/stm32cubeide/plugins/com.st.stm32cube.ide.mcu.externaltools.gnu-tools-for-stm32.7-2018-q2-update.win32_1.4.0.202007081208/tools/bin/../lib/gcc/arm-none-eabi/7.3.1/thumb/v7e-m/fpv4-sp/hard/crtn.o
 *(.fini)
 .fini          0x000000000800b260        0x4 c:/st/stm32cubeide_1.2.0/stm32cubeide/plugins/com.st.stm32cube.ide.mcu.externaltools.gnu-tools-for-stm32.7-2018-q2-update.win32_1.4.0.202007081208/tools/bin/../lib/gcc/arm-none-eabi/7.3.1/thumb/v7e-m/fpv4-sp/hard/crti.o
                0x000000000800b260                _fini
 .fini          0x000000000800b264        0x8 c:/st/stm32cubeide_1.2.0/stm32cubeide/plugins/com.st.stm32cube.ide.mcu.externaltools.gnu-tools-for-stm32.7-2018-q2-update.win32_1.4.0.202007081208/tools/bin/../lib/gcc/arm-none-eabi/7.3.1/thumb/v7e-m/fpv4-sp/hard/crtn.o
                0x000000000800b26c                . = ALIGN (0x4)
                0x000000000800b26c                _etext = .

.vfp11_veneer   0x000000000800b26c        0x0
 .vfp11_veneer  0x000000000800b26c        0x0 linker stubs

.v4_bx          0x000000000800b26c        0x0
 .v4_bx         0x000000000800b26c        0x0 linker stubs

.iplt           0x000000000800b26c        0x0
 .iplt          0x000000000800b26c        0x0 c:/st/stm32cubeide_1.2.0/stm32cubeide/plugins/com.st.stm32cube.ide.mcu.externaltools.gnu-tools-for-stm32.7-2018-q2-update.win32_1.4.0.202007081208/tools/bin/../lib/gcc/arm-none-eabi/7.3.1/thumb/v7e-m/fpv4-sp/hard/crtbegin.o

.rodata         0x000000000800b26c       0xd0
                0x000000000800b26c                . = ALIGN (0x4)
 *(.rodata)
 .rodata        0x000000000800b26c       0x23 Core/Src/main.o
 *fill*         0x000000000800b28f        0x1 
 .rodata        0x000000000800b290        0x5 Middlewares/FreeRTOS/tasks.o
 *fill*         0x000000000800b295        0x3 
 .rodata        0x000000000800b298        0xd Middlewares/FreeRTOS/timers.o
 *(.rodata*)
 *fill*         0x000000000800b2a5        0x3 
 .rodata.oledTask_attributes
                0x000000000800b2a8       0x24 Core/Src/main.o
                0x000000000800b2a8                oledTask_attributes
 .rodata.uartTask_attributes
                0x000000000800b2cc       0x24 Core/Src/main.o
                0x000000000800b2cc                uartTask_attributes
 .rodata.AHBPrescTable
                0x000000000800b2f0       0x10 Core/Src/system_stm32f4xx.o
                0x000000000800b2f0                AHBPrescTable
 .rodata.APBPrescTable
                0x000000000800b300        0x8 Core/Src/system_stm32f4xx.o
                0x000000000800b300                APBPrescTable
 .rodata._svfprintf_r.str1.1
                0x000000000800b308       0x11 c:/st/stm32cubeide_1.2.0/stm32cubeide/plugins/com.st.stm32cube.ide.mcu.externaltools.gnu-tools-for-stm32.7-2018-q2-update.win32_1.4.0.202007081208/tools/bin/../lib/gcc/arm-none-eabi/7.3.1/../../../../arm-none-eabi/lib/thumb/v7e-m/fpv4-sp/hard\libc_nano.a(lib_a-nano-svfprintf.o)
 .rodata._printf_i.str1.1
                0x000000000800b319       0x22 c:/st/stm32cubeide_1.2.0/stm32cubeide/plugins/com.st.stm32cube.ide.mcu.externaltools.gnu-tools-for-stm32.7-2018-q2-update.win32_1.4.0.202007081208/tools/bin/../lib/gcc/arm-none-eabi/7.3.1/../../../../arm-none-eabi/lib/thumb/v7e-m/fpv4-sp/hard\libc_nano.a(lib_a-nano-vfprintf_i.o)
                0x000000000800b33c                . = ALIGN (0x4)
 *fill*         0x000000000800b33b        0x1 

.ARM.extab      0x000000000800b33c        0x0
                0x000000000800b33c                . = ALIGN (0x4)
 *(.ARM.extab* .gnu.linkonce.armextab.*)
                0x000000000800b33c                . = ALIGN (0x4)

.ARM            0x000000000800b33c        0x8
                0x000000000800b33c                . = ALIGN (0x4)
                0x000000000800b33c                __exidx_start = .
 *(.ARM.exidx*)
 .ARM.exidx     0x000000000800b33c        0x8 c:/st/stm32cubeide_1.2.0/stm32cubeide/plugins/com.st.stm32cube.ide.mcu.externaltools.gnu-tools-for-stm32.7-2018-q2-update.win32_1.4.0.202007081208/tools/bin/../lib/gcc/arm-none-eabi/7.3.1/thumb/v7e-m/fpv4-sp/hard\libgcc.a(_udivmoddi4.o)
                0x000000000800b344                __exidx_end = .
                0x000000000800b344                . = ALIGN (0x4)

.rel.dyn        0x000000000800b344        0x0
 .rel.iplt      0x000000000800b344        0x0 c:/st/stm32cubeide_1.2.0/stm32cubeide/plugins/com.st.stm32cube.ide.mcu.externaltools.gnu-tools-for-stm32.7-2018-q2-update.win32_1.4.0.202007081208/tools/bin/../lib/gcc/arm-none-eabi/7.3.1/thumb/v7e-m/fpv4-sp/hard/crtbegin.o

.preinit_array  0x000000000800b344        0x0
                0x000000000800b344                . = ALIGN (0x4)
                0x000000000800b344                PROVIDE (__preinit_array_start = .)
 *(.preinit_array*)
                0x000000000800b344                PROVIDE (__preinit_array_end = .)
                0x000000000800b344                . = ALIGN (0x4)

.init_array     0x000000000800b344        0x4
                0x000000000800b344                . = ALIGN (0x4)
                0x000000000800b344                PROVIDE (__init_array_start = .)
 *(SORT_BY_NAME(.init_array.*))
 *(.init_array*)
 .init_array    0x000000000800b344        0x4 c:/st/stm32cubeide_1.2.0/stm32cubeide/plugins/com.st.stm32cube.ide.mcu.externaltools.gnu-tools-for-stm32.7-2018-q2-update.win32_1.4.0.202007081208/tools/bin/../lib/gcc/arm-none-eabi/7.3.1/thumb/v7e-m/fpv4-sp/hard/crtbegin.o
                0x000000000800b348                PROVIDE (__init_array_end = .)
                0x000000000800b348                . = ALIGN (0x4)

.fini_array     0x000000000800b348        0x4
                0x000000000800b348                . = ALIGN (0x4)
                [!provide]                        PROVIDE (__fini_array_start = .)
 *(SORT_BY_NAME(.fini_array.*))
 *(.fini_array*)
 .fini_array    0x000000000800b348        0x4 c:/st/stm32cubeide_1.2.0/stm32cubeide/plugins/com.st.stm32cube.ide.mcu.externaltools.gnu-tools-for-stm32.7-2018-q2-update.win32_1.4.0.202007081208/tools/bin/../lib/gcc/arm-none-eabi/7.3.1/thumb/v7e-m/fpv4-sp/hard/crtbegin.o
                [!provide]                        PROVIDE (__fini_array_end = .)
                0x000000000800b34c                . = ALIGN (0x4)
                0x000000000800b34c                _sidata = LOADADDR (.data)

.data           0x0000000020000000      0x4d4 load address 0x000000000800b34c
                0x0000000020000000                . = ALIGN (0x4)
                0x0000000020000000                _sdata = .
 *(.data)
 *(.data*)
 .data.letter   0x0000000020000000      0x460 Core/Src/font.o
                0x0000000020000000                letter
 .data.SystemCoreClock
                0x0000000020000460        0x4 Core/Src/system_stm32f4xx.o
                0x0000000020000460                SystemCoreClock
 .data.uwTickPrio
                0x0000000020000464        0x4 Drivers/STM32F4xx_HAL_Driver/stm32f4xx_hal.o
                0x0000000020000464                uwTickPrio
 .data.uwTickFreq
                0x0000000020000468        0x1 Drivers/STM32F4xx_HAL_Driver/stm32f4xx_hal.o
                0x0000000020000468                uwTickFreq
 *fill*         0x0000000020000469        0x3 
 .data.uxCriticalNesting
                0x000000002000046c        0x4 Middlewares/FreeRTOS/port.o
 .data._impure_ptr
                0x0000000020000470        0x4 c:/st/stm32cubeide_1.2.0/stm32cubeide/plugins/com.st.stm32cube.ide.mcu.externaltools.gnu-tools-for-stm32.7-2018-q2-update.win32_1.4.0.202007081208/tools/bin/../lib/gcc/arm-none-eabi/7.3.1/../../../../arm-none-eabi/lib/thumb/v7e-m/fpv4-sp/hard\libc_nano.a(lib_a-impure.o)
                0x0000000020000470                _impure_ptr
 .data.impure_data
                0x0000000020000474       0x60 c:/st/stm32cubeide_1.2.0/stm32cubeide/plugins/com.st.stm32cube.ide.mcu.externaltools.gnu-tools-for-stm32.7-2018-q2-update.win32_1.4.0.202007081208/tools/bin/../lib/gcc/arm-none-eabi/7.3.1/../../../../arm-none-eabi/lib/thumb/v7e-m/fpv4-sp/hard\libc_nano.a(lib_a-impure.o)
                0x00000000200004d4                . = ALIGN (0x4)
                0x00000000200004d4                _edata = .

.igot.plt       0x00000000200004d4        0x0 load address 0x000000000800b820
 .igot.plt      0x00000000200004d4        0x0 c:/st/stm32cubeide_1.2.0/stm32cubeide/plugins/com.st.stm32cube.ide.mcu.externaltools.gnu-tools-for-stm32.7-2018-q2-update.win32_1.4.0.202007081208/tools/bin/../lib/gcc/arm-none-eabi/7.3.1/thumb/v7e-m/fpv4-sp/hard/crtbegin.o
                0x00000000200004d4                . = ALIGN (0x4)

.bss            0x00000000200004d4     0x52ac load address 0x000000000800b820
                0x00000000200004d4                _sbss = .
                0x00000000200004d4                __bss_start__ = _sbss
 *(.bss)
 .bss           0x00000000200004d4       0x1c c:/st/stm32cubeide_1.2.0/stm32cubeide/plugins/com.st.stm32cube.ide.mcu.externaltools.gnu-tools-for-stm32.7-2018-q2-update.win32_1.4.0.202007081208/tools/bin/../lib/gcc/arm-none-eabi/7.3.1/thumb/v7e-m/fpv4-sp/hard/crtbegin.o
 *(.bss*)
 .bss.prescaler.11185
                0x00000000200004f0        0x4 Core/Src/main.o
 .bss.__sbrk_heap_end
                0x00000000200004f4        0x4 Core/Src/sysmem.o
 .bss.SSD1306   0x00000000200004f8        0x8 Core/ssd1306/ssd1306.o
 .bss.KernelState
                0x0000000020000500        0x4 Middlewares/FreeRTOS/cmsis_os2.o
 .bss.Idle_TCB  0x0000000020000504       0x5c Middlewares/FreeRTOS/cmsis_os2.o
 .bss.Idle_Stack
                0x0000000020000560      0x200 Middlewares/FreeRTOS/cmsis_os2.o
 .bss.Timer_TCB
                0x0000000020000760       0x5c Middlewares/FreeRTOS/cmsis_os2.o
 .bss.Timer_Stack
                0x00000000200007bc      0x400 Middlewares/FreeRTOS/cmsis_os2.o
 .bss.ucHeap    0x0000000020000bbc     0x3c00 Middlewares/FreeRTOS/heap_4.o
 .bss.xStart    0x00000000200047bc        0x8 Middlewares/FreeRTOS/heap_4.o
 .bss.pxEnd     0x00000000200047c4        0x4 Middlewares/FreeRTOS/heap_4.o
 .bss.xFreeBytesRemaining
                0x00000000200047c8        0x4 Middlewares/FreeRTOS/heap_4.o
 .bss.xMinimumEverFreeBytesRemaining
                0x00000000200047cc        0x4 Middlewares/FreeRTOS/heap_4.o
 .bss.xBlockAllocatedBit
                0x00000000200047d0        0x4 Middlewares/FreeRTOS/heap_4.o
 .bss.ucMaxSysCallPriority
                0x00000000200047d4        0x1 Middlewares/FreeRTOS/port.o
 *fill*         0x00000000200047d5        0x3 
 .bss.ulMaxPRIGROUPValue
                0x00000000200047d8        0x4 Middlewares/FreeRTOS/port.o
 .bss.pxCurrentTCB
                0x00000000200047dc        0x4 Middlewares/FreeRTOS/tasks.o
                0x00000000200047dc                pxCurrentTCB
 .bss.pxReadyTasksLists
                0x00000000200047e0      0x460 Middlewares/FreeRTOS/tasks.o
 .bss.xDelayedTaskList1
                0x0000000020004c40       0x14 Middlewares/FreeRTOS/tasks.o
 .bss.xDelayedTaskList2
                0x0000000020004c54       0x14 Middlewares/FreeRTOS/tasks.o
 .bss.pxDelayedTaskList
                0x0000000020004c68        0x4 Middlewares/FreeRTOS/tasks.o
 .bss.pxOverflowDelayedTaskList
                0x0000000020004c6c        0x4 Middlewares/FreeRTOS/tasks.o
 .bss.xPendingReadyList
                0x0000000020004c70       0x14 Middlewares/FreeRTOS/tasks.o
 .bss.xTasksWaitingTermination
                0x0000000020004c84       0x14 Middlewares/FreeRTOS/tasks.o
 .bss.uxDeletedTasksWaitingCleanUp
                0x0000000020004c98        0x4 Middlewares/FreeRTOS/tasks.o
 .bss.xSuspendedTaskList
                0x0000000020004c9c       0x14 Middlewares/FreeRTOS/tasks.o
 .bss.uxCurrentNumberOfTasks
                0x0000000020004cb0        0x4 Middlewares/FreeRTOS/tasks.o
 .bss.xTickCount
                0x0000000020004cb4        0x4 Middlewares/FreeRTOS/tasks.o
 .bss.uxTopReadyPriority
                0x0000000020004cb8        0x4 Middlewares/FreeRTOS/tasks.o
 .bss.xSchedulerRunning
                0x0000000020004cbc        0x4 Middlewares/FreeRTOS/tasks.o
 .bss.uxPendedTicks
                0x0000000020004cc0        0x4 Middlewares/FreeRTOS/tasks.o
 .bss.xYieldPending
                0x0000000020004cc4        0x4 Middlewares/FreeRTOS/tasks.o
 .bss.xNumOfOverflows
                0x0000000020004cc8        0x4 Middlewares/FreeRTOS/tasks.o
 .bss.uxTaskNumber
                0x0000000020004ccc        0x4 Middlewares/FreeRTOS/tasks.o
 .bss.xNextTaskUnblockTime
                0x0000000020004cd0        0x4 Middlewares/FreeRTOS/tasks.o
 .bss.xIdleTaskHandle
                0x0000000020004cd4        0x4 Middlewares/FreeRTOS/tasks.o
 .bss.uxSchedulerSuspended
                0x0000000020004cd8        0x4 Middlewares/FreeRTOS/tasks.o
 .bss.xActiveTimerList1
                0x0000000020004cdc       0x14 Middlewares/FreeRTOS/timers.o
 .bss.xActiveTimerList2
                0x0000000020004cf0       0x14 Middlewares/FreeRTOS/timers.o
 .bss.pxCurrentTimerList
                0x0000000020004d04        0x4 Middlewares/FreeRTOS/timers.o
 .bss.pxOverflowTimerList
                0x0000000020004d08        0x4 Middlewares/FreeRTOS/timers.o
 .bss.xTimerQueue
                0x0000000020004d0c        0x4 Middlewares/FreeRTOS/timers.o
 .bss.xTimerTaskHandle
                0x0000000020004d10        0x4 Middlewares/FreeRTOS/timers.o
 .bss.xLastTime.6727
                0x0000000020004d14        0x4 Middlewares/FreeRTOS/timers.o
 .bss.ucStaticTimerQueueStorage.6778
                0x0000000020004d18       0xa0 Middlewares/FreeRTOS/timers.o
 .bss.xStaticTimerQueue.6777
                0x0000000020004db8       0x50 Middlewares/FreeRTOS/timers.o
 .bss.__malloc_free_list
                0x0000000020004e08        0x4 c:/st/stm32cubeide_1.2.0/stm32cubeide/plugins/com.st.stm32cube.ide.mcu.externaltools.gnu-tools-for-stm32.7-2018-q2-update.win32_1.4.0.202007081208/tools/bin/../lib/gcc/arm-none-eabi/7.3.1/../../../../arm-none-eabi/lib/thumb/v7e-m/fpv4-sp/hard\libc_nano.a(lib_a-nano-mallocr.o)
                0x0000000020004e08                __malloc_free_list
 .bss.__malloc_sbrk_start
                0x0000000020004e0c        0x4 c:/st/stm32cubeide_1.2.0/stm32cubeide/plugins/com.st.stm32cube.ide.mcu.externaltools.gnu-tools-for-stm32.7-2018-q2-update.win32_1.4.0.202007081208/tools/bin/../lib/gcc/arm-none-eabi/7.3.1/../../../../arm-none-eabi/lib/thumb/v7e-m/fpv4-sp/hard\libc_nano.a(lib_a-nano-mallocr.o)
                0x0000000020004e0c                __malloc_sbrk_start
 *(COMMON)
 COMMON         0x0000000020004e10       0x48 Core/Src/adc.o
                0x0000000020004e10                hadc1
 COMMON         0x0000000020004e58       0x54 Core/Src/i2c.o
                0x0000000020004e58                hi2c1
 COMMON         0x0000000020004eac       0x48 Core/Src/i2s.o
                0x0000000020004eac                hi2s3
 COMMON         0x0000000020004ef4       0x10 Core/Src/main.o
                0x0000000020004ef4                oledTaskHandle
                0x0000000020004ef8                mid_MsgQueue
                0x0000000020004efc                uartTaskHandle
                0x0000000020004f00                debounce_timer
 COMMON         0x0000000020004f04       0xb0 Core/Src/spi.o
                0x0000000020004f04                hspi2
                0x0000000020004f5c                hspi1
 COMMON         0x0000000020004fb4       0x40 Core/Src/stm32f4xx_hal_timebase_tim.o
                0x0000000020004fb4                htim14
 COMMON         0x0000000020004ff4       0x40 Core/Src/tim.o
                0x0000000020004ff4                htim8
 COMMON         0x0000000020005034       0x40 Core/Src/usart.o
                0x0000000020005034                huart2
 COMMON         0x0000000020005074      0x400 Core/ssd1306/ssd1306.o
                0x0000000020005074                SSD1306_Buffer
 COMMON         0x0000000020005474        0x4 Drivers/STM32F4xx_HAL_Driver/stm32f4xx_hal.o
                0x0000000020005474                uwTick
 COMMON         0x0000000020005478       0x40 Middlewares/FreeRTOS/queue.o
                0x0000000020005478                xQueueRegistry
 COMMON         0x00000000200054b8      0x2c4 USB_HOST/Target/usbh_conf.o
                0x00000000200054b8                hhcd_USB_OTG_FS
 COMMON         0x000000002000577c        0x4 c:/st/stm32cubeide_1.2.0/stm32cubeide/plugins/com.st.stm32cube.ide.mcu.externaltools.gnu-tools-for-stm32.7-2018-q2-update.win32_1.4.0.202007081208/tools/bin/../lib/gcc/arm-none-eabi/7.3.1/../../../../arm-none-eabi/lib/thumb/v7e-m/fpv4-sp/hard\libc_nano.a(lib_a-reent.o)
                0x000000002000577c                errno
                0x0000000020005780                . = ALIGN (0x4)
                0x0000000020005780                _ebss = .
                0x0000000020005780                __bss_end__ = _ebss

._user_heap_stack
                0x0000000020005780      0x600 load address 0x000000000800b820
                0x0000000020005780                . = ALIGN (0x8)
                [!provide]                        PROVIDE (end = .)
                0x0000000020005780                PROVIDE (_end = .)
                0x0000000020005980                . = (. + _Min_Heap_Size)
 *fill*         0x0000000020005780      0x200 
                0x0000000020005d80                . = (. + _Min_Stack_Size)
 *fill*         0x0000000020005980      0x400 
                0x0000000020005d80                . = ALIGN (0x8)

/DISCARD/
 libc.a(*)
 libm.a(*)
 libgcc.a(*)

.ARM.attributes
                0x0000000000000000       0x30
 *(.ARM.attributes)
 .ARM.attributes
                0x0000000000000000       0x22 c:/st/stm32cubeide_1.2.0/stm32cubeide/plugins/com.st.stm32cube.ide.mcu.externaltools.gnu-tools-for-stm32.7-2018-q2-update.win32_1.4.0.202007081208/tools/bin/../lib/gcc/arm-none-eabi/7.3.1/thumb/v7e-m/fpv4-sp/hard/crti.o
 .ARM.attributes
                0x0000000000000022       0x34 c:/st/stm32cubeide_1.2.0/stm32cubeide/plugins/com.st.stm32cube.ide.mcu.externaltools.gnu-tools-for-stm32.7-2018-q2-update.win32_1.4.0.202007081208/tools/bin/../lib/gcc/arm-none-eabi/7.3.1/thumb/v7e-m/fpv4-sp/hard/crtbegin.o
 .ARM.attributes
                0x0000000000000056       0x39 Core/Src/adc.o
 .ARM.attributes
                0x000000000000008f       0x39 Core/Src/font.o
 .ARM.attributes
                0x00000000000000c8       0x39 Core/Src/gpio.o
 .ARM.attributes
                0x0000000000000101       0x39 Core/Src/i2c.o
 .ARM.attributes
                0x000000000000013a       0x39 Core/Src/i2s.o
 .ARM.attributes
                0x0000000000000173       0x39 Core/Src/main.o
 .ARM.attributes
                0x00000000000001ac       0x39 Core/Src/my_graphic_lib.o
 .ARM.attributes
                0x00000000000001e5       0x39 Core/Src/spi.o
 .ARM.attributes
                0x000000000000021e       0x39 Core/Src/stm32f4xx_hal_msp.o
 .ARM.attributes
                0x0000000000000257       0x39 Core/Src/stm32f4xx_hal_timebase_tim.o
 .ARM.attributes
                0x0000000000000290       0x39 Core/Src/stm32f4xx_it.o
 .ARM.attributes
                0x00000000000002c9       0x39 Core/Src/sysmem.o
 .ARM.attributes
                0x0000000000000302       0x39 Core/Src/system_stm32f4xx.o
 .ARM.attributes
                0x000000000000033b       0x39 Core/Src/tim.o
 .ARM.attributes
                0x0000000000000374       0x39 Core/Src/usart.o
 .ARM.attributes
                0x00000000000003ad       0x21 Core/Startup/startup_stm32f407vgtx.o
 .ARM.attributes
                0x00000000000003ce       0x39 Core/ssd1306/ssd1306.o
 .ARM.attributes
                0x0000000000000407       0x39 Drivers/STM32F4xx_HAL_Driver/stm32f4xx_hal.o
 .ARM.attributes
                0x0000000000000440       0x39 Drivers/STM32F4xx_HAL_Driver/stm32f4xx_hal_adc.o
 .ARM.attributes
                0x0000000000000479       0x39 Drivers/STM32F4xx_HAL_Driver/stm32f4xx_hal_adc_ex.o
 .ARM.attributes
                0x00000000000004b2       0x39 Drivers/STM32F4xx_HAL_Driver/stm32f4xx_hal_cortex.o
 .ARM.attributes
                0x00000000000004eb       0x39 Drivers/STM32F4xx_HAL_Driver/stm32f4xx_hal_dma.o
 .ARM.attributes
                0x0000000000000524       0x39 Drivers/STM32F4xx_HAL_Driver/stm32f4xx_hal_gpio.o
 .ARM.attributes
                0x000000000000055d       0x39 Drivers/STM32F4xx_HAL_Driver/stm32f4xx_hal_hcd.o
 .ARM.attributes
                0x0000000000000596       0x39 Drivers/STM32F4xx_HAL_Driver/stm32f4xx_hal_i2c.o
 .ARM.attributes
                0x00000000000005cf       0x39 Drivers/STM32F4xx_HAL_Driver/stm32f4xx_hal_i2s.o
 .ARM.attributes
                0x0000000000000608       0x39 Drivers/STM32F4xx_HAL_Driver/stm32f4xx_hal_i2s_ex.o
 .ARM.attributes
                0x0000000000000641       0x39 Drivers/STM32F4xx_HAL_Driver/stm32f4xx_hal_rcc.o
 .ARM.attributes
                0x000000000000067a       0x39 Drivers/STM32F4xx_HAL_Driver/stm32f4xx_hal_rcc_ex.o
 .ARM.attributes
                0x00000000000006b3       0x39 Drivers/STM32F4xx_HAL_Driver/stm32f4xx_hal_spi.o
 .ARM.attributes
                0x00000000000006ec       0x39 Drivers/STM32F4xx_HAL_Driver/stm32f4xx_hal_tim.o
 .ARM.attributes
                0x0000000000000725       0x39 Drivers/STM32F4xx_HAL_Driver/stm32f4xx_hal_tim_ex.o
 .ARM.attributes
                0x000000000000075e       0x39 Drivers/STM32F4xx_HAL_Driver/stm32f4xx_hal_uart.o
 .ARM.attributes
                0x0000000000000797       0x39 Drivers/STM32F4xx_HAL_Driver/stm32f4xx_ll_usb.o
 .ARM.attributes
                0x00000000000007d0       0x39 Middlewares/FreeRTOS/cmsis_os2.o
 .ARM.attributes
                0x0000000000000809       0x39 Middlewares/FreeRTOS/heap_4.o
 .ARM.attributes
                0x0000000000000842       0x39 Middlewares/FreeRTOS/list.o
 .ARM.attributes
                0x000000000000087b       0x39 Middlewares/FreeRTOS/port.o
 .ARM.attributes
                0x00000000000008b4       0x39 Middlewares/FreeRTOS/queue.o
 .ARM.attributes
                0x00000000000008ed       0x39 Middlewares/FreeRTOS/tasks.o
 .ARM.attributes
                0x0000000000000926       0x39 Middlewares/FreeRTOS/timers.o
 .ARM.attributes
                0x000000000000095f       0x39 Middlewares/USB_Host_Library/usbh_core.o
 .ARM.attributes
                0x0000000000000998       0x39 Middlewares/USB_Host_Library/usbh_pipes.o
 .ARM.attributes
                0x00000000000009d1       0x39 USB_HOST/Target/usbh_conf.o
 .ARM.attributes
                0x0000000000000a0a       0x34 c:/st/stm32cubeide_1.2.0/stm32cubeide/plugins/com.st.stm32cube.ide.mcu.externaltools.gnu-tools-for-stm32.7-2018-q2-update.win32_1.4.0.202007081208/tools/bin/../lib/gcc/arm-none-eabi/7.3.1/../../../../arm-none-eabi/lib/thumb/v7e-m/fpv4-sp/hard\libc_nano.a(lib_a-errno.o)
 .ARM.attributes
                0x0000000000000a3e       0x34 c:/st/stm32cubeide_1.2.0/stm32cubeide/plugins/com.st.stm32cube.ide.mcu.externaltools.gnu-tools-for-stm32.7-2018-q2-update.win32_1.4.0.202007081208/tools/bin/../lib/gcc/arm-none-eabi/7.3.1/../../../../arm-none-eabi/lib/thumb/v7e-m/fpv4-sp/hard\libc_nano.a(lib_a-impure.o)
 .ARM.attributes
                0x0000000000000a72       0x34 c:/st/stm32cubeide_1.2.0/stm32cubeide/plugins/com.st.stm32cube.ide.mcu.externaltools.gnu-tools-for-stm32.7-2018-q2-update.win32_1.4.0.202007081208/tools/bin/../lib/gcc/arm-none-eabi/7.3.1/../../../../arm-none-eabi/lib/thumb/v7e-m/fpv4-sp/hard\libc_nano.a(lib_a-init.o)
 .ARM.attributes
                0x0000000000000aa6       0x34 c:/st/stm32cubeide_1.2.0/stm32cubeide/plugins/com.st.stm32cube.ide.mcu.externaltools.gnu-tools-for-stm32.7-2018-q2-update.win32_1.4.0.202007081208/tools/bin/../lib/gcc/arm-none-eabi/7.3.1/../../../../arm-none-eabi/lib/thumb/v7e-m/fpv4-sp/hard\libc_nano.a(lib_a-memcpy-stub.o)
 .ARM.attributes
                0x0000000000000ada       0x34 c:/st/stm32cubeide_1.2.0/stm32cubeide/plugins/com.st.stm32cube.ide.mcu.externaltools.gnu-tools-for-stm32.7-2018-q2-update.win32_1.4.0.202007081208/tools/bin/../lib/gcc/arm-none-eabi/7.3.1/../../../../arm-none-eabi/lib/thumb/v7e-m/fpv4-sp/hard\libc_nano.a(lib_a-memmove.o)
 .ARM.attributes
                0x0000000000000b0e       0x34 c:/st/stm32cubeide_1.2.0/stm32cubeide/plugins/com.st.stm32cube.ide.mcu.externaltools.gnu-tools-for-stm32.7-2018-q2-update.win32_1.4.0.202007081208/tools/bin/../lib/gcc/arm-none-eabi/7.3.1/../../../../arm-none-eabi/lib/thumb/v7e-m/fpv4-sp/hard\libc_nano.a(lib_a-memset.o)
 .ARM.attributes
                0x0000000000000b42       0x34 c:/st/stm32cubeide_1.2.0/stm32cubeide/plugins/com.st.stm32cube.ide.mcu.externaltools.gnu-tools-for-stm32.7-2018-q2-update.win32_1.4.0.202007081208/tools/bin/../lib/gcc/arm-none-eabi/7.3.1/../../../../arm-none-eabi/lib/thumb/v7e-m/fpv4-sp/hard\libc_nano.a(lib_a-nano-freer.o)
 .ARM.attributes
                0x0000000000000b76       0x34 c:/st/stm32cubeide_1.2.0/stm32cubeide/plugins/com.st.stm32cube.ide.mcu.externaltools.gnu-tools-for-stm32.7-2018-q2-update.win32_1.4.0.202007081208/tools/bin/../lib/gcc/arm-none-eabi/7.3.1/../../../../arm-none-eabi/lib/thumb/v7e-m/fpv4-sp/hard\libc_nano.a(lib_a-nano-mallocr.o)
 .ARM.attributes
                0x0000000000000baa       0x34 c:/st/stm32cubeide_1.2.0/stm32cubeide/plugins/com.st.stm32cube.ide.mcu.externaltools.gnu-tools-for-stm32.7-2018-q2-update.win32_1.4.0.202007081208/tools/bin/../lib/gcc/arm-none-eabi/7.3.1/../../../../arm-none-eabi/lib/thumb/v7e-m/fpv4-sp/hard\libc_nano.a(lib_a-sbrkr.o)
 .ARM.attributes
                0x0000000000000bde       0x34 c:/st/stm32cubeide_1.2.0/stm32cubeide/plugins/com.st.stm32cube.ide.mcu.externaltools.gnu-tools-for-stm32.7-2018-q2-update.win32_1.4.0.202007081208/tools/bin/../lib/gcc/arm-none-eabi/7.3.1/../../../../arm-none-eabi/lib/thumb/v7e-m/fpv4-sp/hard\libc_nano.a(lib_a-sprintf.o)
 .ARM.attributes
                0x0000000000000c12       0x34 c:/st/stm32cubeide_1.2.0/stm32cubeide/plugins/com.st.stm32cube.ide.mcu.externaltools.gnu-tools-for-stm32.7-2018-q2-update.win32_1.4.0.202007081208/tools/bin/../lib/gcc/arm-none-eabi/7.3.1/../../../../arm-none-eabi/lib/thumb/v7e-m/fpv4-sp/hard\libc_nano.a(lib_a-mlock.o)
 .ARM.attributes
                0x0000000000000c46       0x34 c:/st/stm32cubeide_1.2.0/stm32cubeide/plugins/com.st.stm32cube.ide.mcu.externaltools.gnu-tools-for-stm32.7-2018-q2-update.win32_1.4.0.202007081208/tools/bin/../lib/gcc/arm-none-eabi/7.3.1/../../../../arm-none-eabi/lib/thumb/v7e-m/fpv4-sp/hard\libc_nano.a(lib_a-nano-svfprintf.o)
 .ARM.attributes
                0x0000000000000c7a       0x34 c:/st/stm32cubeide_1.2.0/stm32cubeide/plugins/com.st.stm32cube.ide.mcu.externaltools.gnu-tools-for-stm32.7-2018-q2-update.win32_1.4.0.202007081208/tools/bin/../lib/gcc/arm-none-eabi/7.3.1/../../../../arm-none-eabi/lib/thumb/v7e-m/fpv4-sp/hard\libc_nano.a(lib_a-nano-vfprintf_i.o)
 .ARM.attributes
                0x0000000000000cae       0x34 c:/st/stm32cubeide_1.2.0/stm32cubeide/plugins/com.st.stm32cube.ide.mcu.externaltools.gnu-tools-for-stm32.7-2018-q2-update.win32_1.4.0.202007081208/tools/bin/../lib/gcc/arm-none-eabi/7.3.1/../../../../arm-none-eabi/lib/thumb/v7e-m/fpv4-sp/hard\libc_nano.a(lib_a-reent.o)
 .ARM.attributes
                0x0000000000000ce2       0x20 c:/st/stm32cubeide_1.2.0/stm32cubeide/plugins/com.st.stm32cube.ide.mcu.externaltools.gnu-tools-for-stm32.7-2018-q2-update.win32_1.4.0.202007081208/tools/bin/../lib/gcc/arm-none-eabi/7.3.1/../../../../arm-none-eabi/lib/thumb/v7e-m/fpv4-sp/hard\libc_nano.a(lib_a-memchr.o)
 .ARM.attributes
                0x0000000000000d02       0x34 c:/st/stm32cubeide_1.2.0/stm32cubeide/plugins/com.st.stm32cube.ide.mcu.externaltools.gnu-tools-for-stm32.7-2018-q2-update.win32_1.4.0.202007081208/tools/bin/../lib/gcc/arm-none-eabi/7.3.1/../../../../arm-none-eabi/lib/thumb/v7e-m/fpv4-sp/hard\libc_nano.a(lib_a-nano-reallocr.o)
 .ARM.attributes
                0x0000000000000d36       0x34 c:/st/stm32cubeide_1.2.0/stm32cubeide/plugins/com.st.stm32cube.ide.mcu.externaltools.gnu-tools-for-stm32.7-2018-q2-update.win32_1.4.0.202007081208/tools/bin/../lib/gcc/arm-none-eabi/7.3.1/../../../../arm-none-eabi/lib/thumb/v7e-m/fpv4-sp/hard\libc_nano.a(lib_a-nano-msizer.o)
 .ARM.attributes
                0x0000000000000d6a       0x22 c:/st/stm32cubeide_1.2.0/stm32cubeide/plugins/com.st.stm32cube.ide.mcu.externaltools.gnu-tools-for-stm32.7-2018-q2-update.win32_1.4.0.202007081208/tools/bin/../lib/gcc/arm-none-eabi/7.3.1/thumb/v7e-m/fpv4-sp/hard\libgcc.a(_aeabi_uldivmod.o)
 .ARM.attributes
                0x0000000000000d8c       0x34 c:/st/stm32cubeide_1.2.0/stm32cubeide/plugins/com.st.stm32cube.ide.mcu.externaltools.gnu-tools-for-stm32.7-2018-q2-update.win32_1.4.0.202007081208/tools/bin/../lib/gcc/arm-none-eabi/7.3.1/thumb/v7e-m/fpv4-sp/hard\libgcc.a(_udivmoddi4.o)
 .ARM.attributes
                0x0000000000000dc0       0x22 c:/st/stm32cubeide_1.2.0/stm32cubeide/plugins/com.st.stm32cube.ide.mcu.externaltools.gnu-tools-for-stm32.7-2018-q2-update.win32_1.4.0.202007081208/tools/bin/../lib/gcc/arm-none-eabi/7.3.1/thumb/v7e-m/fpv4-sp/hard\libgcc.a(_dvmd_tls.o)
 .ARM.attributes
                0x0000000000000de2       0x22 c:/st/stm32cubeide_1.2.0/stm32cubeide/plugins/com.st.stm32cube.ide.mcu.externaltools.gnu-tools-for-stm32.7-2018-q2-update.win32_1.4.0.202007081208/tools/bin/../lib/gcc/arm-none-eabi/7.3.1/thumb/v7e-m/fpv4-sp/hard/crtn.o
OUTPUT(stm32f4_oled_test_1.elf elf32-littlearm)

.debug_info     0x0000000000000000    0x2e6f0
 .debug_info    0x0000000000000000      0xc04 Core/Src/adc.o
 .debug_info    0x0000000000000c04       0xa5 Core/Src/font.o
 .debug_info    0x0000000000000ca9      0x724 Core/Src/gpio.o
 .debug_info    0x00000000000013cd      0x9dd Core/Src/i2c.o
 .debug_info    0x0000000000001daa      0x9a8 Core/Src/i2s.o
 .debug_info    0x0000000000002752     0x245b Core/Src/main.o
 .debug_info    0x0000000000004bad     0x12e9 Core/Src/my_graphic_lib.o
 .debug_info    0x0000000000005e96      0xa18 Core/Src/spi.o
 .debug_info    0x00000000000068ae      0x362 Core/Src/stm32f4xx_hal_msp.o
 .debug_info    0x0000000000006c10      0xb2d Core/Src/stm32f4xx_hal_timebase_tim.o
 .debug_info    0x000000000000773d      0xfbf Core/Src/stm32f4xx_it.o
 .debug_info    0x00000000000086fc      0x985 Core/Src/sysmem.o
 .debug_info    0x0000000000009081      0x554 Core/Src/system_stm32f4xx.o
 .debug_info    0x00000000000095d5      0xb47 Core/Src/tim.o
 .debug_info    0x000000000000a11c      0xb6e Core/Src/usart.o
 .debug_info    0x000000000000ac8a       0x22 Core/Startup/startup_stm32f407vgtx.o
 .debug_info    0x000000000000acac     0x16ed Core/ssd1306/ssd1306.o
 .debug_info    0x000000000000c399      0x945 Drivers/STM32F4xx_HAL_Driver/stm32f4xx_hal.o
 .debug_info    0x000000000000ccde      0xcee Drivers/STM32F4xx_HAL_Driver/stm32f4xx_hal_adc.o
 .debug_info    0x000000000000d9cc      0xb66 Drivers/STM32F4xx_HAL_Driver/stm32f4xx_hal_adc_ex.o